This is LuaHBTeX, Version 1.22.0 (TeX Live 2025)  (format=lualatex 2025.11.15)  12 DEC 2025 21:31
 restricted system commands enabled.
**main.tex
(./main.tex
LaTeX2e <2025-11-01>
L3 programming layer <2025-11-06>
Lua module: luaotfload 2024-12-03 v3.29 Lua based OpenType font support
Lua module: lualibs 2023-07-13 v2.76 ConTeXt Lua standard libraries.
Lua module: lualibs-extended 2023-07-13 v2.76 ConTeXt Lua libraries -- extended 
collection.
luaotfload | conf : Root cache directory is "C:/texlive/2025/texmf-var/luatex-ca
che/generic/names".
luaotfload | init : Loading fontloader "fontloader-2023-12-28.lua" from kpse-res
olved path "c:/texlive/2025/texmf-dist/tex/luatex/luaotfload/fontloader-2023-12-
28.lua".
Lua-only attribute luaotfload@noligature = 1
luaotfload | init : Context OpenType loader version 3.134
Inserting `luaotfload.node_processor' in `pre_linebreak_filter'.
Inserting `luaotfload.node_processor' in `hpack_filter'.
Inserting `luaotfload.glyph_stream' in `glyph_stream_provider'.
Inserting `luaotfload.define_font' in `define_font'.
Lua-only attribute luaotfload_color_attribute = 2
luaotfload | conf : Root cache directory is "C:/texlive/2025/texmf-var/luatex-ca
che/generic/names".
Inserting `luaotfload.harf.strip_prefix' in `find_opentype_file'.
Inserting `luaotfload.harf.strip_prefix' in `find_truetype_file'.
Removing  `luaotfload.glyph_stream' from `glyph_stream_provider'.
Inserting `luaotfload.harf.glyphstream' in `glyph_stream_provider'.
Inserting `luaotfload.harf.finalize_vlist' in `post_linebreak_filter'.
Inserting `luaotfload.harf.finalize_hlist' in `hpack_filter'.
Inserting `luaotfload.cleanup_files' in `wrapup_run'.
Inserting `luaotfload.harf.finalize_unicode' in `finish_pdffile'.
Inserting `luaotfload.glyphinfo' in `glyph_info'.
Lua-only attribute luaotfload.letterspace_done = 3
Inserting `luaotfload.aux.set_sscale_dimens' in `luaotfload.patch_font'.
Inserting `luaotfload.aux.set_font_index' in `luaotfload.patch_font'.
Inserting `luaotfload.aux.patch_cambria_domh' in `luaotfload.patch_font'.
Inserting `luaotfload.aux.fixup_fontdata' in `luaotfload.patch_font_unsafe'.
Inserting `luaotfload.aux.set_capheight' in `luaotfload.patch_font'.
Inserting `luaotfload.aux.set_xheight' in `luaotfload.patch_font'.
Inserting `luaotfload.rewrite_fontname' in `luaotfload.patch_font'.
Inserting `tracingstacklevels' in `input_level_string'. (c:/texlive/2025/texmf-
dist/tex/latex/base/article.cls
Document Class: article 2025/01/22 v1.4n Standard LaTeX document class
(c:/texlive/2025/texmf-dist/tex/latex/base/size12.clo
File: size12.clo 2025/01/22 v1.4n Standard LaTeX file (size option)
luaotfload | db : Font names database loaded from C:/texlive/2025/texmf-var/luat
ex-cache/generic/names/luaotfload-names.luc.gz)
\c@part=\count273
\c@section=\count274
\c@subsection=\count275
\c@subsubsection=\count276
\c@paragraph=\count277
\c@subparagraph=\count278
\c@figure=\count279
\c@table=\count280
\abovecaptionskip=\skip49
\belowcaptionskip=\skip50
\bibindent=\dimen147
)
(c:/texlive/2025/texmf-dist/tex/latex/listings/listings.sty
(c:/texlive/2025/texmf-dist/tex/latex/graphics/keyval.sty
Package: keyval 2022/05/29 v1.15 key=value parser (DPC)
\KV@toks@=\toks17
)
\lst@mode=\count281
\lst@gtempboxa=\box53
\lst@token=\toks18
\lst@length=\count282
\lst@currlwidth=\dimen148
\lst@column=\count283
\lst@pos=\count284
\lst@lostspace=\dimen149
\lst@width=\dimen150
\lst@newlines=\count285
\lst@lineno=\count286
\lst@maxwidth=\dimen151

(c:/texlive/2025/texmf-dist/tex/latex/listings/lstpatch.sty
File: lstpatch.sty 2025/11/14 1.11a (Carsten Heinz)
)
(c:/texlive/2025/texmf-dist/tex/latex/listings/lstmisc.sty
File: lstmisc.sty 2025/11/14 1.11a (Carsten Heinz)
\c@lstnumber=\count287
\lst@skipnumbers=\count288
\lst@framebox=\box54
)
(c:/texlive/2025/texmf-dist/tex/latex/listings/listings.cfg
File: listings.cfg 2025/11/14 1.11a listings configuration
))
Package: listings 2025/11/14 1.11a (Carsten Heinz)

==> First Aid for listings.sty no longer applied!
    Expected:
        2024/09/23 1.10c (Carsten Heinz)
    but found:
        2025/11/14 1.11a (Carsten Heinz)
    so I'm assuming it got fixed.
(c:/texlive/2025/texmf-dist/tex/latex/base/fontenc.sty
Package: fontenc 2025/07/18 v2.1d Standard LaTeX package
LaTeX Font Info:    Trying to load font information for T1+lmr on input line 11
6.

(c:/texlive/2025/texmf-dist/tex/latex/lm/t1lmr.fd
File: t1lmr.fd 2015/05/01 v1.6.1 Font defs for Latin Modern
))
(c:/texlive/2025/texmf-dist/tex/latex/caption/subcaption.sty
Package: subcaption 2023/07/28 v1.6b Sub-captions (AR)

(c:/texlive/2025/texmf-dist/tex/latex/caption/caption.sty
Package: caption 2023/08/05 v3.6o Customizing captions (AR)

(c:/texlive/2025/texmf-dist/tex/latex/caption/caption3.sty
Package: caption3 2023/07/31 v2.4d caption3 kernel (AR)
\caption@tempdima=\dimen152
\captionmargin=\dimen153
\caption@leftmargin=\dimen154
\caption@rightmargin=\dimen155
\caption@width=\dimen156
\caption@indent=\dimen157
\caption@parindent=\dimen158
\caption@hangindent=\dimen159
Package caption Info: Standard document class detected.
)
\c@caption@flags=\count289
\c@continuedfloat=\count290
Package caption Info: listings package is loaded.
)
Package caption Info: New subtype `subfigure' on input line 238.
\c@subfigure=\count291
Package caption Info: New subtype `subtable' on input line 238.
\c@subtable=\count292
)
(./Layout/EngReport.sty

LaTeX Warning: You have requested package `./Layout/EngReport',
               but the package provides `EngReport'.

Package: EngReport 
(c:/texlive/2025/texmf-dist/tex/latex/base/inputenc.sty
Package: inputenc 2024/02/08 v1.3d Input encoding file
\inpenc@prehook=\toks19
\inpenc@posthook=\toks20


Package inputenc Warning: inputenc package ignored with utf8 based engines.

) (c:/texlive/2025/texmf-dist/tex/latex/lipsum/lipsum.sty
(c:/texlive/2025/texmf-dist/tex/latex/l3packages/l3keys2e/l3keys2e.sty
(c:/texlive/2025/texmf-dist/tex/latex/l3kernel/expl3.sty
Package: expl3 2025-11-06 L3 programming layer (loader) 

(c:/texlive/2025/texmf-dist/tex/latex/l3backend/l3backend-luatex.def
File: l3backend-luatex.def 2025-10-09 L3 backend support: PDF output (LuaTeX)
\l__color_backend_stack_int=\count293
Inserting `l3color' in `luaotfload.parse_color'.))
Package: l3keys2e 2025-10-09 LaTeX2e option processing using LaTeX3 keys
)
Package: lipsum 2021-09-20 v2.7 150 paragraphs of Lorem Ipsum dummy text
\g__lipsum_par_int=\count294
\l__lipsum_a_int=\count295
\l__lipsum_b_int=\count296

(c:/texlive/2025/texmf-dist/tex/latex/lipsum/lipsum.ltd.tex))
(c:/texlive/2025/texmf-dist/tex/latex/anyfontsize/anyfontsize.sty
Package: anyfontsize 2007/11/22 anyfontsize.sty by pts
)
(c:/texlive/2025/texmf-dist/tex/latex/fancyhdr/fancyhdr.sty
Package: fancyhdr 2025/02/07 v5.2 Extensive control of page headers and footers

\f@nch@headwidth=\skip51
\f@nch@offset@elh=\skip52
\f@nch@offset@erh=\skip53
\f@nch@offset@olh=\skip54
\f@nch@offset@orh=\skip55
\f@nch@offset@elf=\skip56
\f@nch@offset@erf=\skip57
\f@nch@offset@olf=\skip58
\f@nch@offset@orf=\skip59
\f@nch@height=\skip60
\f@nch@footalignment=\skip61
\f@nch@widthL=\skip62
\f@nch@widthC=\skip63
\f@nch@widthR=\skip64
\@temptokenb=\toks21
)
(c:/texlive/2025/texmf-dist/tex/latex/tools/multicol.sty
Package: multicol 2025/10/21 v2.0b multicolumn formatting (FMi)
\c@tracingmulticols=\count297
\mult@box=\box55
\multicol@leftmargin=\dimen160
\c@unbalance=\count298
\c@collectmore=\count299
\doublecol@number=\count300
\multicoltolerance=\count301
\multicolpretolerance=\count302
\full@width=\dimen161
\page@free=\dimen162
\premulticols=\dimen163
\postmulticols=\dimen164
\multicolsep=\skip65
\multicolbaselineskip=\skip66
\partial@page=\box56
\last@line=\box57
\mc@boxedresult=\box58
\maxbalancingoverflow=\dimen165
\mult@rightbox=\box59
\mult@grightbox=\box60
\mult@firstbox=\box61
\mult@gfirstbox=\box62
\@tempa=\box63
\@tempa=\box64
\@tempa=\box65
\@tempa=\box66
\@tempa=\box67
\@tempa=\box68
\@tempa=\box69
\@tempa=\box70
\@tempa=\box71
\@tempa=\box72
\@tempa=\box73
\@tempa=\box74
\@tempa=\box75
\@tempa=\box76
\@tempa=\box77
\@tempa=\box78
\@tempa=\box79
\@tempa=\box80
\@tempa=\box81
\@tempa=\box82
\@tempa=\box83
\@tempa=\box84
\@tempa=\box85
\@tempa=\box86
\@tempa=\box87
\@tempa=\box88
\@tempa=\box89
\@tempa=\box90
\@tempa=\box91
\@tempa=\box92
\@tempa=\box93
\@tempa=\box94
\@tempa=\box95
\@tempa=\box96
\@tempa=\box97
\@tempa=\box98
\c@minrows=\count303
\c@columnbadness=\count304
\c@finalcolumnbadness=\count305
\last@try=\dimen166
\multicolovershoot=\dimen167
\multicolundershoot=\dimen168
\mult@nat@firstbox=\box99
\colbreak@box=\box100
\mc@col@check@num=\count306
\g__mc_curr_col_int=\count307
)
(c:/texlive/2025/texmf-dist/tex/latex/titling/titling.sty
Package: titling 2009/09/04 v2.1d maketitle typesetting
\thanksmarkwidth=\skip67
\thanksmargin=\skip68
\droptitle=\skip69
)
(c:/texlive/2025/texmf-dist/tex/latex/geometry/geometry.sty
Package: geometry 2020/01/02 v5.9 Page Geometry

(c:/texlive/2025/texmf-dist/tex/generic/iftex/ifvtex.sty
Package: ifvtex 2019/10/25 v1.7 ifvtex legacy package. Use iftex instead.

(c:/texlive/2025/texmf-dist/tex/generic/iftex/iftex.sty
Package: iftex 2024/12/12 v1.0g TeX engine tests
))
\Gm@cnth=\count308
\Gm@cntv=\count309
\c@Gm@tempcnt=\count310
\Gm@bindingoffset=\dimen169
\Gm@wd@mp=\dimen170
\Gm@odd@mp=\dimen171
\Gm@even@mp=\dimen172
\Gm@layoutwidth=\dimen173
\Gm@layoutheight=\dimen174
\Gm@layouthoffset=\dimen175
\Gm@layoutvoffset=\dimen176
\Gm@dimlist=\toks22
)
(c:/texlive/2025/texmf-dist/tex/latex/setspace/setspace.sty
Package: setspace 2022/12/04 v6.7b set line spacing
)
(c:/texlive/2025/texmf-dist/tex/latex/biblatex/biblatex.sty
Package: biblatex 2025/07/10 v3.21 programmable bibliographies (PK/MW)

(c:/texlive/2025/texmf-dist/tex/generic/pdftexcmds/pdftexcmds.sty
Package: pdftexcmds 2020-06-27 v0.33 Utility functions of pdfTeX for LuaTeX (HO
)

(c:/texlive/2025/texmf-dist/tex/generic/infwarerr/infwarerr.sty
Package: infwarerr 2019/12/03 v1.5 Providing info/warning/error messages (HO)
)
(c:/texlive/2025/texmf-dist/tex/generic/ltxcmds/ltxcmds.sty
Package: ltxcmds 2023-12-04 v1.26 LaTeX kernel commands for general use (HO)
)
Package pdftexcmds Info: \pdf@primitive is available.
Package pdftexcmds Info: \pdf@ifprimitive is available.
Package pdftexcmds Info: \pdfdraftmode found.
\pdftexcmds@toks=\toks23
)
(c:/texlive/2025/texmf-dist/tex/latex/etoolbox/etoolbox.sty
Package: etoolbox 2025/10/02 v2.5m e-TeX tools for LaTeX (JAW)
\etb@tempcnta=\count311
)
(c:/texlive/2025/texmf-dist/tex/latex/kvoptions/kvoptions.sty
Package: kvoptions 2022-06-15 v3.15 Key value format for package options (HO)

(c:/texlive/2025/texmf-dist/tex/latex/kvsetkeys/kvsetkeys.sty
Package: kvsetkeys 2022-10-05 v1.19 Key value parser (HO)
))
(c:/texlive/2025/texmf-dist/tex/latex/logreq/logreq.sty
Package: logreq 2010/08/04 v1.0 xml request logger
\lrq@indent=\count312

(c:/texlive/2025/texmf-dist/tex/latex/logreq/logreq.def
File: logreq.def 2010/08/04 v1.0 logreq spec v1.0
))
(c:/texlive/2025/texmf-dist/tex/latex/base/ifthen.sty
Package: ifthen 2024/03/16 v1.1e Standard LaTeX ifthen package (DPC)
)
(c:/texlive/2025/texmf-dist/tex/latex/url/url.sty
\Urlmuskip=\muskip17
Package: url 2013/09/16  ver 3.4  Verb mode for urls, etc.
)
\c@tabx@nest=\count313
\c@listtotal=\count314
\c@listcount=\count315
\c@liststart=\count316
\c@liststop=\count317
\c@citecount=\count318
\c@citetotal=\count319
\c@multicitecount=\count320
\c@multicitetotal=\count321
\c@instcount=\count322
\c@maxnames=\count323
\c@minnames=\count324
\c@maxitems=\count325
\c@minitems=\count326
\c@citecounter=\count327
\c@maxcitecounter=\count328
\c@savedcitecounter=\count329
\c@uniquelist=\count330
\c@uniquename=\count331
\c@refsection=\count332
\c@refsegment=\count333
\c@maxextratitle=\count334
\c@maxextratitleyear=\count335
\c@maxextraname=\count336
\c@maxextradate=\count337
\c@maxextraalpha=\count338
\c@abbrvpenalty=\count339
\c@highnamepenalty=\count340
\c@lownamepenalty=\count341
\c@maxparens=\count342
\c@parenlevel=\count343
\blx@tempcnta=\count344
\blx@tempcntb=\count345
\blx@tempcntc=\count346
\c@blx@maxsection=\count347
\blx@maxsegment@0=\count348
\blx@notetype=\count349
\blx@parenlevel@text=\count350
\blx@parenlevel@foot=\count351
\blx@sectionciteorder@0=\count352
\blx@sectionciteorderinternal@0=\count353
\blx@entrysetcounter=\count354
\blx@biblioinstance=\count355
\labelnumberwidth=\skip70
\labelalphawidth=\skip71
\biblabelsep=\skip72
\bibitemsep=\skip73
\bibnamesep=\skip74
\bibinitsep=\skip75
\bibparsep=\skip76
\bibhang=\skip77
\blx@bcfin=\read2
\blx@bcfout=\write3
\blx@langwohyphens=\language2
\c@mincomprange=\count356
\c@maxcomprange=\count357
\c@mincompwidth=\count358
Package biblatex Info: Trying to load biblatex default data model...
Package biblatex Info: ... file 'blx-dm.def' found.

(c:/texlive/2025/texmf-dist/tex/latex/biblatex/blx-dm.def
File: blx-dm.def 2025/07/10 v3.21 biblatex datamodel (PK/MW)
)
Package biblatex Info: Trying to load biblatex custom data model...
Package biblatex Info: ... file 'biblatex-dm.cfg' not found.
\c@afterword=\count359
\c@savedafterword=\count360
\c@annotator=\count361
\c@savedannotator=\count362
\c@author=\count363
\c@savedauthor=\count364
\c@bookauthor=\count365
\c@savedbookauthor=\count366
\c@commentator=\count367
\c@savedcommentator=\count368
\c@editor=\count369
\c@savededitor=\count370
\c@editora=\count371
\c@savededitora=\count372
\c@editorb=\count373
\c@savededitorb=\count374
\c@editorc=\count375
\c@savededitorc=\count376
\c@foreword=\count377
\c@savedforeword=\count378
\c@holder=\count379
\c@savedholder=\count380
\c@introduction=\count381
\c@savedintroduction=\count382
\c@namea=\count383
\c@savednamea=\count384
\c@nameb=\count385
\c@savednameb=\count386
\c@namec=\count387
\c@savednamec=\count388
\c@translator=\count389
\c@savedtranslator=\count390
\c@shortauthor=\count391
\c@savedshortauthor=\count392
\c@shorteditor=\count393
\c@savedshorteditor=\count394
\c@labelname=\count395
\c@savedlabelname=\count396
\c@institution=\count397
\c@savedinstitution=\count398
\c@lista=\count399
\c@savedlista=\count400
\c@listb=\count401
\c@savedlistb=\count402
\c@listc=\count403
\c@savedlistc=\count404
\c@listd=\count405
\c@savedlistd=\count406
\c@liste=\count407
\c@savedliste=\count408
\c@listf=\count409
\c@savedlistf=\count410
\c@location=\count411
\c@savedlocation=\count412
\c@organization=\count413
\c@savedorganization=\count414
\c@origlocation=\count415
\c@savedoriglocation=\count416
\c@origpublisher=\count417
\c@savedorigpublisher=\count418
\c@publisher=\count419
\c@savedpublisher=\count420
\c@language=\count421
\c@savedlanguage=\count422
\c@origlanguage=\count423
\c@savedoriglanguage=\count424
\c@pageref=\count425
\c@savedpageref=\count426
\shorthandwidth=\skip78
\shortjournalwidth=\skip79
\shortserieswidth=\skip80
\shorttitlewidth=\skip81
\shortauthorwidth=\skip82
\shorteditorwidth=\skip83
\locallabelnumberwidth=\skip84
\locallabelalphawidth=\skip85
\localshorthandwidth=\skip86
\localshortjournalwidth=\skip87
\localshortserieswidth=\skip88
\localshorttitlewidth=\skip89
\localshortauthorwidth=\skip90
\localshorteditorwidth=\skip91
Package biblatex Info: Trying to load enhanced support for Unicode engines...
Package biblatex Info: ... file 'blx-unicode.def' found.

(c:/texlive/2025/texmf-dist/tex/latex/biblatex/blx-unicode.def)
Package biblatex Info: Trying to load compatibility code...
Package biblatex Info: ... file 'blx-compat.def' found.

(c:/texlive/2025/texmf-dist/tex/latex/biblatex/blx-compat.def
File: blx-compat.def 2025/07/10 v3.21 biblatex compatibility (PK/MW)
)
Package biblatex Info: Trying to load generic definitions...
Package biblatex Info: ... file 'biblatex.def' found.

(c:/texlive/2025/texmf-dist/tex/latex/biblatex/biblatex.def
File: biblatex.def 2025/07/10 v3.21 biblatex compatibility (PK/MW)
\c@textcitecount=\count427
\c@textcitetotal=\count428
\c@textcitemaxnames=\count429
\c@biburlbigbreakpenalty=\count430
\c@biburlbreakpenalty=\count431
\c@biburlnumpenalty=\count432
\c@biburlucpenalty=\count433
\c@biburllcpenalty=\count434
\biburlbigskip=\muskip18
\biburlnumskip=\muskip19
\biburlucskip=\muskip20
\biburllcskip=\muskip21
\c@smartand=\count435
)
Package biblatex Info: Trying to load bibliography style 'numeric'...
Package biblatex Info: ... file 'numeric.bbx' found.

(c:/texlive/2025/texmf-dist/tex/latex/biblatex/bbx/numeric.bbx
File: numeric.bbx 2025/07/10 v3.21 biblatex bibliography style (PK/MW)
Package biblatex Info: Trying to load bibliography style 'standard'...
Package biblatex Info: ... file 'standard.bbx' found.

(c:/texlive/2025/texmf-dist/tex/latex/biblatex/bbx/standard.bbx
File: standard.bbx 2025/07/10 v3.21 biblatex bibliography style (PK/MW)
\c@bbx:relatedcount=\count436
\c@bbx:relatedtotal=\count437
))
Package biblatex Info: Trying to load citation style 'numeric'...
Package biblatex Info: ... file 'numeric.cbx' found.

(c:/texlive/2025/texmf-dist/tex/latex/biblatex/cbx/numeric.cbx
File: numeric.cbx 2025/07/10 v3.21 biblatex citation style (PK/MW)
Package biblatex Info: Redefining '\cite'.
Package biblatex Info: Redefining '\parencite'.
Package biblatex Info: Redefining '\footcite'.
Package biblatex Info: Redefining '\footcitetext'.
Package biblatex Info: Redefining '\smartcite'.
Package biblatex Info: Redefining '\supercite'.
Package biblatex Info: Redefining '\textcite'.
Package biblatex Info: Redefining '\textcites'.
Package biblatex Info: Redefining '\cites'.
Package biblatex Info: Redefining '\parencites'.
Package biblatex Info: Redefining '\smartcites'.
)
Package biblatex Info: Trying to load configuration file...
Package biblatex Info: ... file 'biblatex.cfg' found.

(c:/texlive/2025/texmf-dist/tex/latex/biblatex/biblatex.cfg
File: biblatex.cfg 
)
Package biblatex Info: LuaTeX detected.
(biblatex)             Assuming input encoding 'utf8'.
Package biblatex Info: Document encoding is UTF8 ....
Package biblatex Info: ... and expl3
(biblatex)             2025-11-06 L3 programming layer (loader) 
(biblatex)             is new enough (at least 2020/04/06),
(biblatex)             setting 'casechanger=expl3'.

(c:/texlive/2025/texmf-dist/tex/latex/biblatex/blx-case-expl3.sty
(c:/texlive/2025/texmf-dist/tex/latex/l3packages/xparse/xparse.sty
Package: xparse 2025-10-09 L3 Experimental document command parser
)
Package: blx-case-expl3 2025/07/10 v3.21 expl3 case changing code for biblatex
))
(c:/texlive/2025/texmf-dist/tex/latex/graphics/graphicx.sty
Package: graphicx 2024/12/31 v1.2e Enhanced LaTeX Graphics (DPC,SPQR)

(c:/texlive/2025/texmf-dist/tex/latex/graphics/graphics.sty
Package: graphics 2024/08/06 v1.4g Standard LaTeX Graphics (DPC,SPQR)

(c:/texlive/2025/texmf-dist/tex/latex/graphics/trig.sty
Package: trig 2023/12/02 v1.11 sin cos tan (DPC)
)
(c:/texlive/2025/texmf-dist/tex/latex/graphics-cfg/graphics.cfg
File: graphics.cfg 2016/06/04 v1.11 sample graphics configuration
)
Package graphics Info: Driver file: luatex.def on input line 106.

(c:/texlive/2025/texmf-dist/tex/latex/graphics-def/luatex.def
File: luatex.def 2025/09/29 v1.2f Graphics/color driver for luatex
))
\Gin@req@height=\dimen177
\Gin@req@width=\dimen178
)
(c:/texlive/2025/texmf-dist/tex/latex/float/float.sty
Package: float 2001/11/08 v1.3d Float enhancements (AL)
\c@float@type=\count438
\float@exts=\toks24
\float@box=\box101
\@float@everytoks=\toks25
\@floatcapt=\box102
)
(c:/texlive/2025/texmf-dist/tex/latex/wrapfig2/wrapfig2.sty
Package: wrapfig2 2025-03-01 v.7.0.2 Wrap text around figures, tables, framed t
ext blocks

(c:/texlive/2025/texmf-dist/tex/latex/l3packages/xfp/xfp.sty
Package: xfp 2025-10-09 L3 Floating point unit
)
(c:/texlive/2025/texmf-dist/tex/latex/xcolor/xcolor.sty
Package: xcolor 2024/09/29 v3.02 LaTeX color extensions (UK)

(c:/texlive/2025/texmf-dist/tex/latex/graphics-cfg/color.cfg
File: color.cfg 2016/01/02 v1.6 sample color configuration
)
Package xcolor Info: Driver file: luatex.def on input line 274.

(c:/texlive/2025/texmf-dist/tex/latex/graphics/mathcolor.ltx)
Package xcolor Info: Model `cmy' substituted by `cmy0' on input line 1349.
Package xcolor Info: Model `hsb' substituted by `rgb' on input line 1353.
Package xcolor Info: Model `RGB' extended on input line 1365.
Package xcolor Info: Model `HTML' substituted by `rgb' on input line 1367.
Package xcolor Info: Model `Hsb' substituted by `hsb' on input line 1368.
Package xcolor Info: Model `tHsb' substituted by `hsb' on input line 1369.
Package xcolor Info: Model `HSB' substituted by `hsb' on input line 1370.
Package xcolor Info: Model `Gray' substituted by `gray' on input line 1371.
Package xcolor Info: Model `wave' substituted by `hsb' on input line 1372.
)
(c:/texlive/2025/texmf-dist/tex/latex/pict2e/pict2e.sty
Package: pict2e 2020/09/30 v0.4b Improved picture commands (HjG,RN,JT)

(c:/texlive/2025/texmf-dist/tex/latex/pict2e/pict2e.cfg
File: pict2e.cfg 2016/02/05 v0.1u pict2e configuration for teTeX/TeXLive
)
Package pict2e Info: Driver file: luatex.def on input line 112.
Package pict2e Info: Driver file for pict2e: p2e-luatex.def on input line 114.

(c:/texlive/2025/texmf-dist/tex/latex/pict2e/p2e-luatex.def
File: p2e-luatex.def 2016/02/05 v0.1u Driver-dependant file (RN,HjG,JT)
)
\pIIe@GRAPH=\toks26
\@arclen=\dimen179
\@arcrad=\dimen180
\pIIe@tempdima=\dimen181
\pIIe@tempdimb=\dimen182
\pIIe@tempdimc=\dimen183
\pIIe@tempdimd=\dimen184
\pIIe@tempdime=\dimen185
\pIIe@tempdimf=\dimen186
)
(c:/texlive/2025/texmf-dist/tex/latex/xkeyval/xkeyval.sty
Package: xkeyval 2025/11/04 v2.10 package option processing (HA)

(c:/texlive/2025/texmf-dist/tex/generic/xkeyval/xkeyval.tex
(c:/texlive/2025/texmf-dist/tex/generic/xkeyval/xkvutils.tex
\XKV@toks=\toks27
\XKV@tempa@toks=\toks28
\XKV@tempb@toks=\toks29
)
\XKV@depth=\count439
File: xkeyval.tex 2014/12/03 v2.7a key=value parser (HA)
))
\@float@every@text=\toks30
\c@text=\count440
\wrapoverhang=\dimen187
\WF@size=\dimen188
\c@WF@wrappedlines=\count441
\WF@box=\box103
\NWF@box=\box104
\WF@everypar=\toks31
\WF@correctlines@switch=\count442
\WFfrthick=\skip92
\WFfrgap=\skip93
\WFfrwidth=\skip94
\WFfrheight=\skip95
\insertwidth=\dimen189
\WFXR=\skip96
\WFYD=\skip97
\WFXL=\skip98
\WFYU=\skip99
\radius=\dimen190
\WFinsertwidthL=\dimen191
\WFinsertwidthH=\dimen192
)
(c:/texlive/2025/texmf-dist/tex/latex/gensymb/gensymb.sty
Package: gensymb 2022/10/17 v1.0.2 (KJH)
)
(c:/texlive/2025/texmf-dist/tex/latex/siunitx/siunitx.sty
Package: siunitx 2025-07-09 v3.4.14 A comprehensive (SI) units package
\l__siunitx_number_uncert_offset_int=\count443
\l__siunitx_number_exponent_fixed_int=\count444
\l__siunitx_number_min_decimal_int=\count445
\l__siunitx_number_min_integer_int=\count446
\l__siunitx_number_round_precision_int=\count447
\l__siunitx_number_lower_threshold_int=\count448
\l__siunitx_number_upper_threshold_int=\count449
\l__siunitx_number_group_first_int=\count450
\l__siunitx_number_group_size_int=\count451
\l__siunitx_number_group_minimum_int=\count452
\l__siunitx_angle_tmp_dim=\dimen193
\l__siunitx_angle_marker_box=\box105
\l__siunitx_angle_unit_box=\box106
\l__siunitx_compound_count_int=\count453

(c:/texlive/2025/texmf-dist/tex/latex/translations/translations.sty
Package: translations 2022/02/05 v1.12 internationalization of LaTeX2e packages
 (CN)
)
(c:/texlive/2025/texmf-dist/tex/latex/amsmath/amstext.sty
Package: amstext 2024/11/17 v2.01 AMS text

(c:/texlive/2025/texmf-dist/tex/latex/amsmath/amsgen.sty
File: amsgen.sty 1999/11/30 v2.0 generic functions
\@emptytoks=\toks32
\ex@=\dimen194
)
LaTeX Info: Redefining \text on input line 28.
)
\l__siunitx_table_tmp_box=\box107
\l__siunitx_table_tmp_dim=\dimen195
\l__siunitx_table_column_width_dim=\dimen196
\l__siunitx_table_integer_box=\box108
\l__siunitx_table_decimal_box=\box109
\l__siunitx_table_uncert_box=\box110
\l__siunitx_table_before_box=\box111
\l__siunitx_table_after_box=\box112
\l__siunitx_table_before_dim=\dimen197
\l__siunitx_table_carry_dim=\dimen198
\l__siunitx_unit_tmp_int=\count454
\l__siunitx_unit_position_int=\count455
\l__siunitx_unit_total_int=\count456

(c:/texlive/2025/texmf-dist/tex/latex/tools/array.sty
Package: array 2025/09/25 v2.6n Tabular extension package (FMi)
\col@sep=\dimen199
\ar@mcellbox=\box113
\extrarowheight=\dimen256
\NC@list=\toks33
\extratabsurround=\skip100
\backup@length=\skip101
\ar@cellbox=\box114
))
(c:/texlive/2025/texmf-dist/tex/latex/mathtools/mathtools.sty
Package: mathtools 2024/10/04 v1.31 mathematical typesetting tools

(c:/texlive/2025/texmf-dist/tex/latex/tools/calc.sty
Package: calc 2025/03/01 v4.3b Infix arithmetic (KKT,FJ)
\calc@Acount=\count457
\calc@Bcount=\count458
\calc@Adimen=\dimen257
\calc@Bdimen=\dimen258
\calc@Askip=\skip102
\calc@Bskip=\skip103
LaTeX Info: Redefining \setlength on input line 86.
LaTeX Info: Redefining \addtolength on input line 87.
\calc@Ccount=\count459
\calc@Cskip=\skip104
)
(c:/texlive/2025/texmf-dist/tex/latex/mathtools/mhsetup.sty
Package: mhsetup 2021/03/18 v1.4 programming setup (MH)
)
(c:/texlive/2025/texmf-dist/tex/latex/amsmath/amsmath.sty
Package: amsmath 2025/07/09 v2.17z AMS math features
\@mathmargin=\skip105

For additional information on amsmath, use the `?' option.
(c:/texlive/2025/texmf-dist/tex/latex/amsmath/amsbsy.sty
Package: amsbsy 1999/11/29 v1.2d Bold Symbols
\pmbraise@=\dimen259
)
(c:/texlive/2025/texmf-dist/tex/latex/amsmath/amsopn.sty
Package: amsopn 2022/04/08 v2.04 operator names
)
\inf@bad=\count460
LaTeX Info: Redefining \frac on input line 235.
\uproot@=\count461
\leftroot@=\count462
LaTeX Info: Redefining \overline on input line 398.
LaTeX Info: Redefining \colon on input line 409.
\classnum@=\count463
\DOTSCASE@=\count464
LaTeX Info: Redefining \ldots on input line 495.
LaTeX Info: Redefining \dots on input line 498.
LaTeX Info: Redefining \cdots on input line 619.
\Mathstrutbox@=\box115
\strutbox@=\box116
LaTeX Info: Redefining \big on input line 721.
LaTeX Info: Redefining \Big on input line 722.
LaTeX Info: Redefining \bigg on input line 723.
LaTeX Info: Redefining \Bigg on input line 724.
\big@size=\dimen260
LaTeX Font Info:    Redeclaring font encoding OML on input line 742.
LaTeX Font Info:    Redeclaring font encoding OMS on input line 743.
\macc@depth=\count465
LaTeX Info: Redefining \bmod on input line 904.
LaTeX Info: Redefining \pmod on input line 909.
LaTeX Info: Redefining \smash on input line 939.
LaTeX Info: Redefining \relbar on input line 969.
LaTeX Info: Redefining \Relbar on input line 970.
\c@MaxMatrixCols=\count466
\dotsspace@=\muskip22
\c@parentequation=\count467
\dspbrk@lvl=\count468
\tag@help=\toks34
\row@=\count469
\column@=\count470
\maxfields@=\count471
\andhelp@=\toks35
\eqnshift@=\dimen261
\alignsep@=\dimen262
\tagshift@=\dimen263
\tagwidth@=\dimen264
\totwidth@=\dimen265
\lineht@=\dimen266
\@envbody=\toks36
\multlinegap=\skip106
\multlinetaggap=\skip107
\mathdisplay@stack=\toks37
LaTeX Info: Redefining \[ on input line 2950.
LaTeX Info: Redefining \] on input line 2951.
)
\g_MT_multlinerow_int=\count472
\l_MT_multwidth_dim=\dimen267
\origjot=\skip108
\l_MT_shortvdotswithinadjustabove_dim=\dimen268
\l_MT_shortvdotswithinadjustbelow_dim=\dimen269
\l_MT_above_intertext_sep=\dimen270
\l_MT_below_intertext_sep=\dimen271
\l_MT_above_shortintertext_sep=\dimen272
\l_MT_below_shortintertext_sep=\dimen273
\xmathstrut@box=\box117
\xmathstrut@dim=\dimen274
)
(c:/texlive/2025/texmf-dist/tex/latex/hyperref/hyperref.sty
Package: hyperref 2025-07-12 v7.01o Hypertext links for LaTeX

(c:/texlive/2025/texmf-dist/tex/generic/kvdefinekeys/kvdefinekeys.sty
Package: kvdefinekeys 2019-12-19 v1.6 Define keys (HO)
)
(c:/texlive/2025/texmf-dist/tex/generic/pdfescape/pdfescape.sty
Package: pdfescape 2019/12/09 v1.15 Implements pdfTeX's escape features (HO)
)
(c:/texlive/2025/texmf-dist/tex/latex/hycolor/hycolor.sty
Package: hycolor 2020-01-27 v1.10 Color options for hyperref/bookmark (HO)
)
(c:/texlive/2025/texmf-dist/tex/latex/hyperref/nameref.sty
Package: nameref 2025-06-21 v2.57 Cross-referencing by name of section

(c:/texlive/2025/texmf-dist/tex/latex/refcount/refcount.sty
Package: refcount 2019/12/15 v3.6 Data extraction from label references (HO)
)
(c:/texlive/2025/texmf-dist/tex/generic/gettitlestring/gettitlestring.sty
Package: gettitlestring 2019/12/15 v1.6 Cleanup title references (HO)
)
\c@section@level=\count473
)
(c:/texlive/2025/texmf-dist/tex/generic/stringenc/stringenc.sty
Package: stringenc 2019/11/29 v1.12 Convert strings between diff. encodings (HO
)
)
\@linkdim=\dimen275
\Hy@linkcounter=\count474
\Hy@pagecounter=\count475

(c:/texlive/2025/texmf-dist/tex/latex/hyperref/pd1enc.def
File: pd1enc.def 2025-07-12 v7.01o Hyperref: PDFDocEncoding definition (HO)
)
(c:/texlive/2025/texmf-dist/tex/generic/intcalc/intcalc.sty
Package: intcalc 2019/12/15 v1.3 Expandable calculations with integers (HO)
)
\Hy@SavedSpaceFactor=\count476

(c:/texlive/2025/texmf-dist/tex/latex/hyperref/puenc.def
File: puenc.def 2025-07-12 v7.01o Hyperref: PDF Unicode definition (HO)
)
Package hyperref Info: Hyper figures OFF on input line 4195.
Package hyperref Info: Link nesting OFF on input line 4200.
Package hyperref Info: Hyper index ON on input line 4203.
Package hyperref Info: Plain pages OFF on input line 4210.
Package hyperref Info: Backreferencing OFF on input line 4215.
Package hyperref Info: Implicit mode ON; LaTeX internals redefined.
Package hyperref Info: Bookmarks ON on input line 4462.
\c@Hy@tempcnt=\count477
LaTeX Info: Redefining \url on input line 4801.
\XeTeXLinkMargin=\dimen276

(c:/texlive/2025/texmf-dist/tex/generic/bitset/bitset.sty
Package: bitset 2019/12/09 v1.3 Handle bit-vector datatype (HO)

(c:/texlive/2025/texmf-dist/tex/generic/bigintcalc/bigintcalc.sty
Package: bigintcalc 2019/12/15 v1.5 Expandable calculations on big integers (HO
)
))
\Fld@menulength=\count478
\Field@Width=\dimen277
\Fld@charsize=\dimen278
Package hyperref Info: Hyper figures OFF on input line 6078.
Package hyperref Info: Link nesting OFF on input line 6083.
Package hyperref Info: Hyper index ON on input line 6086.
Package hyperref Info: backreferencing OFF on input line 6093.
Package hyperref Info: Link coloring OFF on input line 6098.
Package hyperref Info: Link coloring with OCG OFF on input line 6103.
Package hyperref Info: PDF/A mode OFF on input line 6108.
\Hy@abspage=\count479
\c@Item=\count480
\c@Hfootnote=\count481
)
Package hyperref Info: Driver (autodetected): hluatex.

(c:/texlive/2025/texmf-dist/tex/latex/hyperref/hluatex.def
File: hluatex.def 2025-07-12 v7.01o Hyperref driver for luaTeX
\Fld@listcount=\count482
\c@bookmark@seq@number=\count483

(c:/texlive/2025/texmf-dist/tex/latex/rerunfilecheck/rerunfilecheck.sty
Package: rerunfilecheck 2025-06-21 v1.11 Rerun checks for auxiliary files (HO)

(c:/texlive/2025/texmf-dist/tex/generic/uniquecounter/uniquecounter.sty
Package: uniquecounter 2019/12/15 v1.4 Provide unlimited unique counter (HO)
)
Package uniquecounter Info: New unique counter `rerunfilecheck' on input line 2
84.
)
\Hy@SectionHShift=\skip109
)
Package hyperref Info: Option `colorlinks' set `true' on input line 41.
)
\@quotelevel=\count484
\@quotereset=\count485
Package translations Info: No language package found. I am going to use `englis
h' as default language. on input line 17.

(./main.aux)
\openout1 = main.aux

LaTeX Font Info:    Checking defaults for OML/cmm/m/it on input line 17.
LaTeX Font Info:    ... okay on input line 17.
LaTeX Font Info:    Checking defaults for OMS/cmsy/m/n on input line 17.
LaTeX Font Info:    ... okay on input line 17.
LaTeX Font Info:    Checking defaults for OT1/cmr/m/n on input line 17.
LaTeX Font Info:    ... okay on input line 17.
LaTeX Font Info:    Checking defaults for T1/cmr/m/n on input line 17.
LaTeX Font Info:    ... okay on input line 17.
LaTeX Font Info:    Checking defaults for TS1/cmr/m/n on input line 17.
LaTeX Font Info:    ... okay on input line 17.
LaTeX Font Info:    Checking defaults for TU/lmr/m/n on input line 17.
LaTeX Font Info:    ... okay on input line 17.
LaTeX Font Info:    Checking defaults for OMX/cmex/m/n on input line 17.
LaTeX Font Info:    ... okay on input line 17.
LaTeX Font Info:    Checking defaults for U/cmr/m/n on input line 17.
LaTeX Font Info:    ... okay on input line 17.
LaTeX Font Info:    Checking defaults for PD1/pdf/m/n on input line 17.
LaTeX Font Info:    ... okay on input line 17.
LaTeX Font Info:    Checking defaults for PU/pdf/m/n on input line 17.
LaTeX Font Info:    ... okay on input line 17.
\c@lstlisting=\count486
Package caption Info: Begin \AtBeginDocument code.
Package caption Info: float package is loaded.
Package caption Info: hyperref package is loaded.
Package caption Info: End \AtBeginDocument code.

*geometry* driver: auto-detecting
*geometry* detected driver: luatex
*geometry* verbose mode - [ preamble ] result:
* driver: luatex
* paper: letterpaper
* layout: <same size as paper>
* layoutoffset:(h,v)=(0.0pt,0.0pt)
* modes: includehead includefoot 
* h-part:(L,W,R)=(72.26999pt, 469.75502pt, 72.26999pt)
* v-part:(T,H,B)=(72.26999pt, 650.43001pt, 72.26999pt)
* \paperwidth=614.295pt
* \paperheight=794.96999pt
* \textwidth=469.75502pt
* \textheight=583.43001pt
* \oddsidemargin=0.0pt
* \evensidemargin=0.0pt
* \topmargin=0.0pt
* \headheight=12.0pt
* \headsep=25.0pt
* \topskip=12.0pt
* \footskip=30.0pt
* \marginparwidth=44.0pt
* \marginparsep=10.0pt
* \columnsep=10.0pt
* \skip\footins=10.8pt plus 4.0pt minus 2.0pt
* \hoffset=0.0pt
* \voffset=0.0pt
* \mag=1000
* \@twocolumnfalse
* \@twosidefalse
* \@mparswitchfalse
* \@reversemarginfalse
* (1in=72.27pt=25.4mm, 1cm=28.453pt)

Package biblatex Info: Trying to load language 'english'...
Package biblatex Info: ... file 'english.lbx' found.
(c:/texlive/2025/texmf-dist/tex/latex/biblatex/lbx/english.lbx
File: english.lbx 2025/07/10 v3.21 biblatex localization (PK/MW)
)
Package biblatex Info: LuaTeX detected.
(biblatex)             Assuming input encoding 'utf8'.
Package biblatex Info: Automatic encoding selection.
(biblatex)             Assuming data encoding 'utf8'.

\openout3 = main.bcf
Package biblatex Info: Trying to load bibliographic data...
Package biblatex Info: ... file 'main.bbl' found.
 (./main.bbl)
Package biblatex Info: Reference section=0 on input line 17.
Package biblatex Info: Reference segment=0 on input line 17.

(c:/texlive/2025/texmf-dist/tex/context/base/mkii/supp-pdf.mkii
[Loading MPS to PDF converter (version 2006.09.02).]
\scratchcounter=\count487
\scratchdimen=\dimen279
\scratchbox=\box118
\nofMPsegments=\count488
\nofMParguments=\count489
\everyMPshowfont=\toks38
\MPscratchCnt=\count490
\MPscratchDim=\dimen280
\MPnumerator=\count491
\makeMPintoPDFobject=\count492
\everyMPtoPDFconversion=\toks39
) (c:/texlive/2025/texmf-dist/tex/latex/epstopdf-pkg/epstopdf-base.sty
Package: epstopdf-base 2020-01-24 v2.11 Base part for package epstopdf
Package epstopdf-base Info: Redefining graphics rule for `.eps' on input line 4
85.

(c:/texlive/2025/texmf-dist/tex/latex/latexconfig/epstopdf-sys.cfg
File: epstopdf-sys.cfg 2010/07/13 v1.3 Configuration of (r)epstopdf for TeX Liv
e
))
LaTeX Info: Redefining \celsius on input line 17.
Package gensymb Info: Faking symbols for \degree and \celsius on input line 17.



Package gensymb Warning: Not defining \perthousand.

LaTeX Info: Redefining \ohm on input line 17.
Package gensymb Info: Using \Omega for \ohm on input line 17.

Package gensymb Warning: Not defining \micro.


(c:/texlive/2025/texmf-dist/tex/latex/translations/translations-basic-dictionar
y-english.trsl
File: translations-basic-dictionary-english.trsl (english translation file `tra
nslations-basic-dictionary')
)
Package translations Info: loading dictionary `translations-basic-dictionary' f
or `english'. on input line 17.
Package hyperref Info: Link coloring ON on input line 17.
 (./main.out) (./main.out)
\@outlinefile=\write4

\openout4 = main.out
 (./Layout/titlepage.tex
<Images/cranfield_logo.png, id=168, 501.875pt x 501.875pt>
File: Images/cranfield_logo.png Graphic file (type png)
<use Images/cranfield_logo.png>
Package luatex.def Info: Images/cranfield_logo.png  used on input line 10.
(luatex.def)             Requested size: 117.43875pt x 117.43521pt.
 [1

{c:/texlive/2025/texmf-var/fonts/map/pdftex/updmap/pdftex.map}<./Images/cranfiel
d_logo.png>]) (./Layout/headerfooter.tex) (./main.toc

Package fancyhdr Warning: \headheight is too small (30.0pt): 
(fancyhdr)                Make it at least 33.31984pt, for example:
(fancyhdr)                \setlength{\headheight}{33.31984pt}.
(fancyhdr)                You might also make \topmargin smaller:
(fancyhdr)                \addtolength{\topmargin}{-3.31984pt}.


warning  (pdf backend): ignoring duplicate destination with the name 'page.1'
[1])
\tf@toc=\write5

\openout5 = main.toc


Package fancyhdr Warning: \headheight is too small (30.0pt): 
(fancyhdr)                Make it at least 33.31984pt, for example:
(fancyhdr)                \setlength{\headheight}{33.31984pt}.
(fancyhdr)                You might also make \topmargin smaller:
(fancyhdr)                \addtolength{\topmargin}{-3.31984pt}.

[2] (./Sections/1_Introduction.tex)

Package fancyhdr Warning: \headheight is too small (30.0pt): 
(fancyhdr)                Make it at least 33.31984pt, for example:
(fancyhdr)                \setlength{\headheight}{33.31984pt}.
(fancyhdr)                You might also make \topmargin smaller:
(fancyhdr)                \addtolength{\topmargin}{-3.31984pt}.

[3] (./Sections/2_Methodology.tex

Package fancyhdr Warning: \headheight is too small (30.0pt): 
(fancyhdr)                Make it at least 33.31984pt, for example:
(fancyhdr)                \setlength{\headheight}{33.31984pt}.
(fancyhdr)                You might also make \topmargin smaller:
(fancyhdr)                \addtolength{\topmargin}{-3.31984pt}.

[4]

Package fancyhdr Warning: \headheight is too small (30.0pt): 
(fancyhdr)                Make it at least 33.31984pt, for example:
(fancyhdr)                \setlength{\headheight}{33.31984pt}.
(fancyhdr)                You might also make \topmargin smaller:
(fancyhdr)                \addtolength{\topmargin}{-3.31984pt}.

[5]

Package fancyhdr Warning: \headheight is too small (30.0pt): 
(fancyhdr)                Make it at least 33.31984pt, for example:
(fancyhdr)                \setlength{\headheight}{33.31984pt}.
(fancyhdr)                You might also make \topmargin smaller:
(fancyhdr)                \addtolength{\topmargin}{-3.31984pt}.

[6])

Package fancyhdr Warning: \headheight is too small (30.0pt): 
(fancyhdr)                Make it at least 33.31984pt, for example:
(fancyhdr)                \setlength{\headheight}{33.31984pt}.
(fancyhdr)                You might also make \topmargin smaller:
(fancyhdr)                \addtolength{\topmargin}{-3.31984pt}.

[7] (./Sections/3_Problem1_Truss.tex
<Images/Two_bar_plane_truss.png, id=272, 264.23718pt x 195.73125pt>
File: Images/Two_bar_plane_truss.png Graphic file (type png)
<use Images/Two_bar_plane_truss.png>
Package luatex.def Info: Images/Two_bar_plane_truss.png  used on input line 9.
(luatex.def)             Requested size: 281.85587pt x 208.7942pt.


Package fancyhdr Warning: \headheight is too small (30.0pt): 
(fancyhdr)                Make it at least 33.31984pt, for example:
(fancyhdr)                \setlength{\headheight}{33.31984pt}.
(fancyhdr)                You might also make \topmargin smaller:
(fancyhdr)                \addtolength{\topmargin}{-3.31984pt}.

[8<./Images/Two_bar_plane_truss.png>]

Package fancyhdr Warning: \headheight is too small (30.0pt): 
(fancyhdr)                Make it at least 33.31984pt, for example:
(fancyhdr)                \setlength{\headheight}{33.31984pt}.
(fancyhdr)                You might also make \topmargin smaller:
(fancyhdr)                \addtolength{\topmargin}{-3.31984pt}.

[9]
<Images/Two-Bar Plane Truss Design - PSO - Decison Space.png, id=289, 294.993pt
 x 198.0855pt>
File: Images/Two-Bar Plane Truss Design - PSO - Decison Space.png Graphic file 
(type png)
<use Images/Two-Bar Plane Truss Design - PSO - Decison Space.png>
Package luatex.def Info: Images/Two-Bar Plane Truss Design - PSO - Decison Spac
e.png  used on input line 83.
(luatex.def)             Requested size: 375.80544pt x 252.36977pt.


LaTeX Warning: `!h' float specifier changed to `!ht'.


Package fancyhdr Warning: \headheight is too small (30.0pt): 
(fancyhdr)                Make it at least 33.31984pt, for example:
(fancyhdr)                \setlength{\headheight}{33.31984pt}.
(fancyhdr)                You might also make \topmargin smaller:
(fancyhdr)                \addtolength{\topmargin}{-3.31984pt}.

[10]
<Images/Two-Bar Plane Truss Design - PSO - Pareto Front Evolution Across Genera
tion.png, id=296, 368.577pt x 253.9305pt>
File: Images/Two-Bar Plane Truss Design - PSO - Pareto Front Evolution Across G
eneration.png Graphic file (type png)
<use Images/Two-Bar Plane Truss Design - PSO - Pareto Front Evolution Across Ge
neration.png>
Package luatex.def Info: Images/Two-Bar Plane Truss Design - PSO - Pareto Front
 Evolution Across Generation.png  used on input line 93.
(luatex.def)             Requested size: 375.80544pt x 258.91655pt.


LaTeX Warning: `!h' float specifier changed to `!ht'.

<Images/Two-Bar Plane Truss Design - PSO - Pareto Front.png, id=297, 315.0315pt
 x 200.0565pt>
File: Images/Two-Bar Plane Truss Design - PSO - Pareto Front.png Graphic file (
type png)
<use Images/Two-Bar Plane Truss Design - PSO - Pareto Front.png>
Package luatex.def Info: Images/Two-Bar Plane Truss Design - PSO - Pareto Front
.png  used on input line 101.
(luatex.def)             Requested size: 375.80544pt x 238.67155pt.

LaTeX Warning: `!h' float specifier changed to `!ht'.

Missing character: There is no – (U+2013) in font ec-lmbx12!
Missing character: There is no – (U+2013) in font ec-lmbx12!
Missing character: There is no – (U+2013) in font ec-lmbx12!
Missing character: There is no – (U+2013) in font ec-lmbx12!

Package fancyhdr Warning: \headheight is too small (30.0pt): 
(fancyhdr)                Make it at least 33.31984pt, for example:
(fancyhdr)                \setlength{\headheight}{33.31984pt}.
(fancyhdr)                You might also make \topmargin smaller:
(fancyhdr)                \addtolength{\topmargin}{-3.31984pt}.

[11
Missing character: There is no – (U+2013) in font ec-lmbx12!
Missing character: There is no – (U+2013) in font ec-lmbx12!
<./Images/Two-Bar Plane Truss Design - PSO - Decison Space.png>]

LaTeX Warning: Text page 12 contains only floats.


Package fancyhdr Warning: \headheight is too small (30.0pt): 
(fancyhdr)                Make it at least 33.31984pt, for example:
(fancyhdr)                \setlength{\headheight}{33.31984pt}.
(fancyhdr)                You might also make \topmargin smaller:
(fancyhdr)                \addtolength{\topmargin}{-3.31984pt}.

[12<./Images/Two-Bar Plane Truss Design - PSO - Pareto Front Evolution Across Ge
neration.png><./Images/Two-Bar Plane Truss Design - PSO - Pareto Front.png>]
<Images/Two-Bar Plane Truss Design - PSO - Convergence Analysis.png, id=312, 47
2.0545pt x 334.413pt>
File: Images/Two-Bar Plane Truss Design - PSO - Convergence Analysis.png Graphi
c file (type png)
<use Images/Two-Bar Plane Truss Design - PSO - Convergence Analysis.png>
Package luatex.def Info: Images/Two-Bar Plane Truss Design - PSO - Convergence 
Analysis.png  used on input line 114.
(luatex.def)             Requested size: 375.80544pt x 266.23976pt.

Missing character: There is no ’ (U+2019) in font ec-lmr12!
Missing character: There is no ’ (U+2019) in font ec-lmr12!
Missing character: There is no ’ (U+2019) in font ec-lmr12!
Missing character: There is no ’ (U+2019) in font ec-lmr12!

Package fancyhdr Warning: \headheight is too small (30.0pt): 
(fancyhdr)                Make it at least 33.31984pt, for example:
(fancyhdr)                \setlength{\headheight}{33.31984pt}.
(fancyhdr)                You might also make \topmargin smaller:
(fancyhdr)                \addtolength{\topmargin}{-3.31984pt}.

[13
Missing character: There is no ’ (U+2019) in font ec-lmr12!
Missing character: There is no ’ (U+2019) in font ec-lmr12!
<./Images/Two-Bar Plane Truss Design - PSO - Convergence Analysis.png>]
<Images/Pierre.B - ParetoFront.png, id=320, 455.45157pt x 288.3272pt>
File: Images/Pierre.B - ParetoFront.png Graphic file (type png)
<use Images/Pierre.B - ParetoFront.png>
Package luatex.def Info: Images/Pierre.B - ParetoFront.png  used on input line 
147.
(luatex.def)             Requested size: 375.80544pt x 237.91245pt.


LaTeX Warning: `!h' float specifier changed to `!ht'.


Package fancyhdr Warning: \headheight is too small (30.0pt): 
(fancyhdr)                Make it at least 33.31984pt, for example:
(fancyhdr)                \setlength{\headheight}{33.31984pt}.
(fancyhdr)                You might also make \topmargin smaller:
(fancyhdr)                \addtolength{\topmargin}{-3.31984pt}.

[14]
<Images/Pierre.B - Decison Space.png, id=326, 455.45157pt x 306.39468pt>
File: Images/Pierre.B - Decison Space.png Graphic file (type png)
<use Images/Pierre.B - Decison Space.png>
Package luatex.def Info: Images/Pierre.B - Decison Space.png  used on input lin
e 161.
(luatex.def)             Requested size: 375.80544pt x 252.8208pt.


LaTeX Warning: `!h' float specifier changed to `!ht'.


Package fancyhdr Warning: \headheight is too small (30.0pt): 
(fancyhdr)                Make it at least 33.31984pt, for example:
(fancyhdr)                \setlength{\headheight}{33.31984pt}.
(fancyhdr)                You might also make \topmargin smaller:
(fancyhdr)                \addtolength{\topmargin}{-3.31984pt}.

[15<./Images/Pierre.B - ParetoFront.png>]
<Images/Pierre.B - Convergence.png, id=333, 455.45157pt x 281.55188pt>
File: Images/Pierre.B - Convergence.png Graphic file (type png)
<use Images/Pierre.B - Convergence.png>
Package luatex.def Info: Images/Pierre.B - Convergence.png  used on input line 
174.
(luatex.def)             Requested size: 375.80544pt x 232.32182pt.


LaTeX Warning: `!h' float specifier changed to `!ht'.

)

Package fancyhdr Warning: \headheight is too small (30.0pt): 
(fancyhdr)                Make it at least 33.31984pt, for example:
(fancyhdr)                \setlength{\headheight}{33.31984pt}.
(fancyhdr)                You might also make \topmargin smaller:
(fancyhdr)                \addtolength{\topmargin}{-3.31984pt}.

[16<./Images/Pierre.B - Decison Space.png>] (./Sections/4_Problem2_Sensor.tex

Package fancyhdr Warning: \headheight is too small (30.0pt): 
(fancyhdr)                Make it at least 33.31984pt, for example:
(fancyhdr)                \setlength{\headheight}{33.31984pt}.
(fancyhdr)                You might also make \topmargin smaller:
(fancyhdr)                \addtolength{\topmargin}{-3.31984pt}.

[17<./Images/Pierre.B - Convergence.png>]

Package fancyhdr Warning: \headheight is too small (30.0pt): 
(fancyhdr)                Make it at least 33.31984pt, for example:
(fancyhdr)                \setlength{\headheight}{33.31984pt}.
(fancyhdr)                You might also make \topmargin smaller:
(fancyhdr)                \addtolength{\topmargin}{-3.31984pt}.

[18]
<Images/Steinhart-Hart Temperature Callibration - PSO Result vs mesured data.pn
g, id=353, 469.755pt x 230.5413pt>
File: Images/Steinhart-Hart Temperature Callibration - PSO Result vs mesured da
ta.png Graphic file (type png)
<use Images/Steinhart-Hart Temperature Callibration - PSO Result vs mesured dat
a.png>
Package luatex.def Info: Images/Steinhart-Hart Temperature Callibration - PSO R
esult vs mesured data.png  used on input line 66.
(luatex.def)             Requested size: 375.80544pt x 184.43329pt.
<Images/Steinhart_SA_History.png, id=354, 469.755pt x 375.804pt>
File: Images/Steinhart_SA_History.png Graphic file (type png)
<use Images/Steinhart_SA_History.png>
Package luatex.def Info: Images/Steinhart_SA_History.png  used on input line 73
.
(luatex.def)             Requested size: 211.38832pt x 169.11023pt.
<Images/Steinhart_PSO_History.png, id=355, 722.7pt x 433.62pt>
File: Images/Steinhart_PSO_History.png Graphic file (type png)
<use Images/Steinhart_PSO_History.png>
Package luatex.def Info: Images/Steinhart_PSO_History.png  used on input line 7
8.
(luatex.def)             Requested size: 211.38832pt x 126.83168pt.


LaTeX Warning: `!h' float specifier changed to `!ht'.

)

Package fancyhdr Warning: \headheight is too small (30.0pt): 
(fancyhdr)                Make it at least 33.31984pt, for example:
(fancyhdr)                \setlength{\headheight}{33.31984pt}.
(fancyhdr)                You might also make \topmargin smaller:
(fancyhdr)                \addtolength{\topmargin}{-3.31984pt}.

[19<./Images/Steinhart-Hart Temperature Callibration - PSO Result vs mesured dat
a.png>]

Package fancyhdr Warning: \headheight is too small (30.0pt): 
(fancyhdr)                Make it at least 33.31984pt, for example:
(fancyhdr)                \setlength{\headheight}{33.31984pt}.
(fancyhdr)                You might also make \topmargin smaller:
(fancyhdr)                \addtolength{\topmargin}{-3.31984pt}.

[20<./Images/Steinhart_SA_History.png><./Images/Steinhart_PSO_History.png>]
(./Sections/5_Problem3_GearTrain.tex

Package fancyhdr Warning: \headheight is too small (30.0pt): 
(fancyhdr)                Make it at least 33.31984pt, for example:
(fancyhdr)                \setlength{\headheight}{33.31984pt}.
(fancyhdr)                You might also make \topmargin smaller:
(fancyhdr)                \addtolength{\topmargin}{-3.31984pt}.

[21]
Missing character: There is no ’ (U+2019) in font ec-lmr12!
Missing character: There is no ’ (U+2019) in font ec-lmr12!

Package fancyhdr Warning: \headheight is too small (30.0pt): 
(fancyhdr)                Make it at least 33.31984pt, for example:
(fancyhdr)                \setlength{\headheight}{33.31984pt}.
(fancyhdr)                You might also make \topmargin smaller:
(fancyhdr)                \addtolength{\topmargin}{-3.31984pt}.

[22
Missing character: There is no ’ (U+2019) in font ec-lmr12!
]

Package fancyhdr Warning: \headheight is too small (30.0pt): 
(fancyhdr)                Make it at least 33.31984pt, for example:
(fancyhdr)                \setlength{\headheight}{33.31984pt}.
(fancyhdr)                You might also make \topmargin smaller:
(fancyhdr)                \addtolength{\topmargin}{-3.31984pt}.

[23]
<Images/Gear_Train_PSO_Convergence.png, id=386, 433.62pt x 289.08pt>
File: Images/Gear_Train_PSO_Convergence.png Graphic file (type png)
<use Images/Gear_Train_PSO_Convergence.png>
Package luatex.def Info: Images/Gear_Train_PSO_Convergence.png  used on input l
ine 82.
(luatex.def)             Requested size: 375.80544pt x 250.5492pt.
<Images/Gear_Train_SA_Convergence.png, id=387, 433.62pt x 289.08pt>
File: Images/Gear_Train_SA_Convergence.png Graphic file (type png)
<use Images/Gear_Train_SA_Convergence.png>
Package luatex.def Info: Images/Gear_Train_SA_Convergence.png  used on input li
ne 95.
(luatex.def)             Requested size: 375.80544pt x 250.5492pt.


LaTeX Warning: `!h' float specifier changed to `!ht'.


Package fancyhdr Warning: \headheight is too small (30.0pt): 
(fancyhdr)                Make it at least 33.31984pt, for example:
(fancyhdr)                \setlength{\headheight}{33.31984pt}.
(fancyhdr)                You might also make \topmargin smaller:
(fancyhdr)                \addtolength{\topmargin}{-3.31984pt}.

[24<./Images/Gear_Train_PSO_Convergence.png>]

Package fancyhdr Warning: \headheight is too small (30.0pt): 
(fancyhdr)                Make it at least 33.31984pt, for example:
(fancyhdr)                \setlength{\headheight}{33.31984pt}.
(fancyhdr)                You might also make \topmargin smaller:
(fancyhdr)                \addtolength{\topmargin}{-3.31984pt}.

[25<./Images/Gear_Train_SA_Convergence.png>])

Package fancyhdr Warning: \headheight is too small (30.0pt): 
(fancyhdr)                Make it at least 33.31984pt, for example:
(fancyhdr)                \setlength{\headheight}{33.31984pt}.
(fancyhdr)                You might also make \topmargin smaller:
(fancyhdr)                \addtolength{\topmargin}{-3.31984pt}.

[26] (./Sections/6_Conclusion.tex

Package fancyhdr Warning: \headheight is too small (30.0pt): 
(fancyhdr)                Make it at least 33.31984pt, for example:
(fancyhdr)                \setlength{\headheight}{33.31984pt}.
(fancyhdr)                You might also make \topmargin smaller:
(fancyhdr)                \addtolength{\topmargin}{-3.31984pt}.

[27])

Package fancyhdr Warning: \headheight is too small (30.0pt): 
(fancyhdr)                Make it at least 33.31984pt, for example:
(fancyhdr)                \setlength{\headheight}{33.31984pt}.
(fancyhdr)                You might also make \topmargin smaller:
(fancyhdr)                \addtolength{\topmargin}{-3.31984pt}.

[28]

Package fancyhdr Warning: \headheight is too small (30.0pt): 
(fancyhdr)                Make it at least 33.31984pt, for example:
(fancyhdr)                \setlength{\headheight}{33.31984pt}.
(fancyhdr)                You might also make \topmargin smaller:
(fancyhdr)                \addtolength{\topmargin}{-3.31984pt}.

[29] (./Sections/7_References.tex
LaTeX Font Info:    Trying to load font information for T1+lmtt on input line 2
.

(c:/texlive/2025/texmf-dist/tex/latex/lm/t1lmtt.fd
File: t1lmtt.fd 2015/05/01 v1.6.1 Font defs for Latin Modern
))

Package fancyhdr Warning: \headheight is too small (30.0pt): 
(fancyhdr)                Make it at least 33.31984pt, for example:
(fancyhdr)                \setlength{\headheight}{33.31984pt}.
(fancyhdr)                You might also make \topmargin smaller:
(fancyhdr)                \addtolength{\topmargin}{-3.31984pt}.

[30] (./Sections/N_Appendix.tex
(c:/texlive/2025/texmf-dist/tex/latex/listings/lstlang1.sty
File: lstlang1.sty 2025/11/14 1.11a listings language file
)
Package hyperref Info: bookmark level for unknown lstlisting defaults to 0 on i
nput line 4.

(../Chenonceau_Task3/two_bar_plane_truss_problem.py

Package fancyhdr Warning: \headheight is too small (30.0pt): 
(fancyhdr)                Make it at least 33.31984pt, for example:
(fancyhdr)                \setlength{\headheight}{33.31984pt}.
(fancyhdr)                You might also make \topmargin smaller:
(fancyhdr)                \addtolength{\topmargin}{-3.31984pt}.

[31]

Package fancyhdr Warning: \headheight is too small (30.0pt): 
(fancyhdr)                Make it at least 33.31984pt, for example:
(fancyhdr)                \setlength{\headheight}{33.31984pt}.
(fancyhdr)                You might also make \topmargin smaller:
(fancyhdr)                \addtolength{\topmargin}{-3.31984pt}.

[32]

Package fancyhdr Warning: \headheight is too small (30.0pt): 
(fancyhdr)                Make it at least 33.31984pt, for example:
(fancyhdr)                \setlength{\headheight}{33.31984pt}.
(fancyhdr)                You might also make \topmargin smaller:
(fancyhdr)                \addtolength{\topmargin}{-3.31984pt}.

[33]

Package fancyhdr Warning: \headheight is too small (30.0pt): 
(fancyhdr)                Make it at least 33.31984pt, for example:
(fancyhdr)                \setlength{\headheight}{33.31984pt}.
(fancyhdr)                You might also make \topmargin smaller:
(fancyhdr)                \addtolength{\topmargin}{-3.31984pt}.

[34]

Package fancyhdr Warning: \headheight is too small (30.0pt): 
(fancyhdr)                Make it at least 33.31984pt, for example:
(fancyhdr)                \setlength{\headheight}{33.31984pt}.
(fancyhdr)                You might also make \topmargin smaller:
(fancyhdr)                \addtolength{\topmargin}{-3.31984pt}.

[35]

Package fancyhdr Warning: \headheight is too small (30.0pt): 
(fancyhdr)                Make it at least 33.31984pt, for example:
(fancyhdr)                \setlength{\headheight}{33.31984pt}.
(fancyhdr)                You might also make \topmargin smaller:
(fancyhdr)                \addtolength{\topmargin}{-3.31984pt}.

[36]) (../Chenonceau_Task3/PSO_simulation_multi_obj.py

Package fancyhdr Warning: \headheight is too small (30.0pt): 
(fancyhdr)                Make it at least 33.31984pt, for example:
(fancyhdr)                \setlength{\headheight}{33.31984pt}.
(fancyhdr)                You might also make \topmargin smaller:
(fancyhdr)                \addtolength{\topmargin}{-3.31984pt}.

[37]

Package fancyhdr Warning: \headheight is too small (30.0pt): 
(fancyhdr)                Make it at least 33.31984pt, for example:
(fancyhdr)                \setlength{\headheight}{33.31984pt}.
(fancyhdr)                You might also make \topmargin smaller:
(fancyhdr)                \addtolength{\topmargin}{-3.31984pt}.

[38]

Package fancyhdr Warning: \headheight is too small (30.0pt): 
(fancyhdr)                Make it at least 33.31984pt, for example:
(fancyhdr)                \setlength{\headheight}{33.31984pt}.
(fancyhdr)                You might also make \topmargin smaller:
(fancyhdr)                \addtolength{\topmargin}{-3.31984pt}.

[39]

Package fancyhdr Warning: \headheight is too small (30.0pt): 
(fancyhdr)                Make it at least 33.31984pt, for example:
(fancyhdr)                \setlength{\headheight}{33.31984pt}.
(fancyhdr)                You might also make \topmargin smaller:
(fancyhdr)                \addtolength{\topmargin}{-3.31984pt}.

[40]

Package fancyhdr Warning: \headheight is too small (30.0pt): 
(fancyhdr)                Make it at least 33.31984pt, for example:
(fancyhdr)                \setlength{\headheight}{33.31984pt}.
(fancyhdr)                You might also make \topmargin smaller:
(fancyhdr)                \addtolength{\topmargin}{-3.31984pt}.

[41]

Package fancyhdr Warning: \headheight is too small (30.0pt): 
(fancyhdr)                Make it at least 33.31984pt, for example:
(fancyhdr)                \setlength{\headheight}{33.31984pt}.
(fancyhdr)                You might also make \topmargin smaller:
(fancyhdr)                \addtolength{\topmargin}{-3.31984pt}.

[42]

Package fancyhdr Warning: \headheight is too small (30.0pt): 
(fancyhdr)                Make it at least 33.31984pt, for example:
(fancyhdr)                \setlength{\headheight}{33.31984pt}.
(fancyhdr)                You might also make \topmargin smaller:
(fancyhdr)                \addtolength{\topmargin}{-3.31984pt}.

[43]

Package fancyhdr Warning: \headheight is too small (30.0pt): 
(fancyhdr)                Make it at least 33.31984pt, for example:
(fancyhdr)                \setlength{\headheight}{33.31984pt}.
(fancyhdr)                You might also make \topmargin smaller:
(fancyhdr)                \addtolength{\topmargin}{-3.31984pt}.

[44]

Package fancyhdr Warning: \headheight is too small (30.0pt): 
(fancyhdr)                Make it at least 33.31984pt, for example:
(fancyhdr)                \setlength{\headheight}{33.31984pt}.
(fancyhdr)                You might also make \topmargin smaller:
(fancyhdr)                \addtolength{\topmargin}{-3.31984pt}.

[45]

Package fancyhdr Warning: \headheight is too small (30.0pt): 
(fancyhdr)                Make it at least 33.31984pt, for example:
(fancyhdr)                \setlength{\headheight}{33.31984pt}.
(fancyhdr)                You might also make \topmargin smaller:
(fancyhdr)                \addtolength{\topmargin}{-3.31984pt}.

[46]

Package fancyhdr Warning: \headheight is too small (30.0pt): 
(fancyhdr)                Make it at least 33.31984pt, for example:
(fancyhdr)                \setlength{\headheight}{33.31984pt}.
(fancyhdr)                You might also make \topmargin smaller:
(fancyhdr)                \addtolength{\topmargin}{-3.31984pt}.

[47]

Package fancyhdr Warning: \headheight is too small (30.0pt): 
(fancyhdr)                Make it at least 33.31984pt, for example:
(fancyhdr)                \setlength{\headheight}{33.31984pt}.
(fancyhdr)                You might also make \topmargin smaller:
(fancyhdr)                \addtolength{\topmargin}{-3.31984pt}.

[48]

Package fancyhdr Warning: \headheight is too small (30.0pt): 
(fancyhdr)                Make it at least 33.31984pt, for example:
(fancyhdr)                \setlength{\headheight}{33.31984pt}.
(fancyhdr)                You might also make \topmargin smaller:
(fancyhdr)                \addtolength{\topmargin}{-3.31984pt}.

[49]

Package fancyhdr Warning: \headheight is too small (30.0pt): 
(fancyhdr)                Make it at least 33.31984pt, for example:
(fancyhdr)                \setlength{\headheight}{33.31984pt}.
(fancyhdr)                You might also make \topmargin smaller:
(fancyhdr)                \addtolength{\topmargin}{-3.31984pt}.

[50]

Package fancyhdr Warning: \headheight is too small (30.0pt): 
(fancyhdr)                Make it at least 33.31984pt, for example:
(fancyhdr)                \setlength{\headheight}{33.31984pt}.
(fancyhdr)                You might also make \topmargin smaller:
(fancyhdr)                \addtolength{\topmargin}{-3.31984pt}.

[51]

Package fancyhdr Warning: \headheight is too small (30.0pt): 
(fancyhdr)                Make it at least 33.31984pt, for example:
(fancyhdr)                \setlength{\headheight}{33.31984pt}.
(fancyhdr)                You might also make \topmargin smaller:
(fancyhdr)                \addtolength{\topmargin}{-3.31984pt}.

[52]

Package fancyhdr Warning: \headheight is too small (30.0pt): 
(fancyhdr)                Make it at least 33.31984pt, for example:
(fancyhdr)                \setlength{\headheight}{33.31984pt}.
(fancyhdr)                You might also make \topmargin smaller:
(fancyhdr)                \addtolength{\topmargin}{-3.31984pt}.

[53]

Package fancyhdr Warning: \headheight is too small (30.0pt): 
(fancyhdr)                Make it at least 33.31984pt, for example:
(fancyhdr)                \setlength{\headheight}{33.31984pt}.
(fancyhdr)                You might also make \topmargin smaller:
(fancyhdr)                \addtolength{\topmargin}{-3.31984pt}.

[54]

Package fancyhdr Warning: \headheight is too small (30.0pt): 
(fancyhdr)                Make it at least 33.31984pt, for example:
(fancyhdr)                \setlength{\headheight}{33.31984pt}.
(fancyhdr)                You might also make \topmargin smaller:
(fancyhdr)                \addtolength{\topmargin}{-3.31984pt}.

[55]) (../Chenonceau_Task3/steinhart_hart_problem.py

Package fancyhdr Warning: \headheight is too small (30.0pt): 
(fancyhdr)                Make it at least 33.31984pt, for example:
(fancyhdr)                \setlength{\headheight}{33.31984pt}.
(fancyhdr)                You might also make \topmargin smaller:
(fancyhdr)                \addtolength{\topmargin}{-3.31984pt}.

[56]

Package fancyhdr Warning: \headheight is too small (30.0pt): 
(fancyhdr)                Make it at least 33.31984pt, for example:
(fancyhdr)                \setlength{\headheight}{33.31984pt}.
(fancyhdr)                You might also make \topmargin smaller:
(fancyhdr)                \addtolength{\topmargin}{-3.31984pt}.

[57]

Package fancyhdr Warning: \headheight is too small (30.0pt): 
(fancyhdr)                Make it at least 33.31984pt, for example:
(fancyhdr)                \setlength{\headheight}{33.31984pt}.
(fancyhdr)                You might also make \topmargin smaller:
(fancyhdr)                \addtolength{\topmargin}{-3.31984pt}.

[58]

Package fancyhdr Warning: \headheight is too small (30.0pt): 
(fancyhdr)                Make it at least 33.31984pt, for example:
(fancyhdr)                \setlength{\headheight}{33.31984pt}.
(fancyhdr)                You might also make \topmargin smaller:
(fancyhdr)                \addtolength{\topmargin}{-3.31984pt}.

[59]

Package fancyhdr Warning: \headheight is too small (30.0pt): 
(fancyhdr)                Make it at least 33.31984pt, for example:
(fancyhdr)                \setlength{\headheight}{33.31984pt}.
(fancyhdr)                You might also make \topmargin smaller:
(fancyhdr)                \addtolength{\topmargin}{-3.31984pt}.

[60]

Package fancyhdr Warning: \headheight is too small (30.0pt): 
(fancyhdr)                Make it at least 33.31984pt, for example:
(fancyhdr)                \setlength{\headheight}{33.31984pt}.
(fancyhdr)                You might also make \topmargin smaller:
(fancyhdr)                \addtolength{\topmargin}{-3.31984pt}.

[61]) (../Chenonceau_Task3/simulated_annealing.py

Package fancyhdr Warning: \headheight is too small (30.0pt): 
(fancyhdr)                Make it at least 33.31984pt, for example:
(fancyhdr)                \setlength{\headheight}{33.31984pt}.
(fancyhdr)                You might also make \topmargin smaller:
(fancyhdr)                \addtolength{\topmargin}{-3.31984pt}.

[62]

Package fancyhdr Warning: \headheight is too small (30.0pt): 
(fancyhdr)                Make it at least 33.31984pt, for example:
(fancyhdr)                \setlength{\headheight}{33.31984pt}.
(fancyhdr)                You might also make \topmargin smaller:
(fancyhdr)                \addtolength{\topmargin}{-3.31984pt}.

[63]

Package fancyhdr Warning: \headheight is too small (30.0pt): 
(fancyhdr)                Make it at least 33.31984pt, for example:
(fancyhdr)                \setlength{\headheight}{33.31984pt}.
(fancyhdr)                You might also make \topmargin smaller:
(fancyhdr)                \addtolength{\topmargin}{-3.31984pt}.

[64]

Package fancyhdr Warning: \headheight is too small (30.0pt): 
(fancyhdr)                Make it at least 33.31984pt, for example:
(fancyhdr)                \setlength{\headheight}{33.31984pt}.
(fancyhdr)                You might also make \topmargin smaller:
(fancyhdr)                \addtolength{\topmargin}{-3.31984pt}.

[65]

Package fancyhdr Warning: \headheight is too small (30.0pt): 
(fancyhdr)                Make it at least 33.31984pt, for example:
(fancyhdr)                \setlength{\headheight}{33.31984pt}.
(fancyhdr)                You might also make \topmargin smaller:
(fancyhdr)                \addtolength{\topmargin}{-3.31984pt}.

[66]

Package fancyhdr Warning: \headheight is too small (30.0pt): 
(fancyhdr)                Make it at least 33.31984pt, for example:
(fancyhdr)                \setlength{\headheight}{33.31984pt}.
(fancyhdr)                You might also make \topmargin smaller:
(fancyhdr)                \addtolength{\topmargin}{-3.31984pt}.

[67]

Package fancyhdr Warning: \headheight is too small (30.0pt): 
(fancyhdr)                Make it at least 33.31984pt, for example:
(fancyhdr)                \setlength{\headheight}{33.31984pt}.
(fancyhdr)                You might also make \topmargin smaller:
(fancyhdr)                \addtolength{\topmargin}{-3.31984pt}.

[68]

Package fancyhdr Warning: \headheight is too small (30.0pt): 
(fancyhdr)                Make it at least 33.31984pt, for example:
(fancyhdr)                \setlength{\headheight}{33.31984pt}.
(fancyhdr)                You might also make \topmargin smaller:
(fancyhdr)                \addtolength{\topmargin}{-3.31984pt}.

[69]

Package fancyhdr Warning: \headheight is too small (30.0pt): 
(fancyhdr)                Make it at least 33.31984pt, for example:
(fancyhdr)                \setlength{\headheight}{33.31984pt}.
(fancyhdr)                You might also make \topmargin smaller:
(fancyhdr)                \addtolength{\topmargin}{-3.31984pt}.

[70]) (../Chenonceau_Task3/Gear_Train_Problem.py

Package fancyhdr Warning: \headheight is too small (30.0pt): 
(fancyhdr)                Make it at least 33.31984pt, for example:
(fancyhdr)                \setlength{\headheight}{33.31984pt}.
(fancyhdr)                You might also make \topmargin smaller:
(fancyhdr)                \addtolength{\topmargin}{-3.31984pt}.

[71]

Package fancyhdr Warning: \headheight is too small (30.0pt): 
(fancyhdr)                Make it at least 33.31984pt, for example:
(fancyhdr)                \setlength{\headheight}{33.31984pt}.
(fancyhdr)                You might also make \topmargin smaller:
(fancyhdr)                \addtolength{\topmargin}{-3.31984pt}.

[72]

Package fancyhdr Warning: \headheight is too small (30.0pt): 
(fancyhdr)                Make it at least 33.31984pt, for example:
(fancyhdr)                \setlength{\headheight}{33.31984pt}.
(fancyhdr)                You might also make \topmargin smaller:
(fancyhdr)                \addtolength{\topmargin}{-3.31984pt}.

[73]

Package fancyhdr Warning: \headheight is too small (30.0pt): 
(fancyhdr)                Make it at least 33.31984pt, for example:
(fancyhdr)                \setlength{\headheight}{33.31984pt}.
(fancyhdr)                You might also make \topmargin smaller:
(fancyhdr)                \addtolength{\topmargin}{-3.31984pt}.

[74]) (../Chenonceau_Task3/run_gear_train.py

Package fancyhdr Warning: \headheight is too small (30.0pt): 
(fancyhdr)                Make it at least 33.31984pt, for example:
(fancyhdr)                \setlength{\headheight}{33.31984pt}.
(fancyhdr)                You might also make \topmargin smaller:
(fancyhdr)                \addtolength{\topmargin}{-3.31984pt}.

[75]

Package fancyhdr Warning: \headheight is too small (30.0pt): 
(fancyhdr)                Make it at least 33.31984pt, for example:
(fancyhdr)                \setlength{\headheight}{33.31984pt}.
(fancyhdr)                You might also make \topmargin smaller:
(fancyhdr)                \addtolength{\topmargin}{-3.31984pt}.

[76]

Package fancyhdr Warning: \headheight is too small (30.0pt): 
(fancyhdr)                Make it at least 33.31984pt, for example:
(fancyhdr)                \setlength{\headheight}{33.31984pt}.
(fancyhdr)                You might also make \topmargin smaller:
(fancyhdr)                \addtolength{\topmargin}{-3.31984pt}.

[77]))

Package fancyhdr Warning: \headheight is too small (30.0pt): 
(fancyhdr)                Make it at least 33.31984pt, for example:
(fancyhdr)                \setlength{\headheight}{33.31984pt}.
(fancyhdr)                You might also make \topmargin smaller:
(fancyhdr)                \addtolength{\topmargin}{-3.31984pt}.

[78] (./main.aux)
 ***********
LaTeX2e <2025-11-01>
L3 programming layer <2025-11-06>
 ***********
Package rerunfilecheck Info: File `main.out' has not changed.
(rerunfilecheck)             Checksum: B496E2AD7F923DB7F823B5F34B45239E;6446.
Package logreq Info: Writing requests to 'main.run.xml'.

\openout1 = main.run.xml
)

Here is how much of LuaTeX's memory you used:
 29037 strings out of 476081
 305624,1648299 words of node,token memory allocated
 744 words of node memory still in use:
   6 hlist, 2 vlist, 2 rule, 2 glue, 4 kern, 1 glyph, 34 attribute, 78 glue_spec
, 34 attribute_list, 1 write, 3 pdf_action nodes
   avail lists: 1:1,2:3305,3:318,4:226,5:6376,6:102,7:17688,8:78,9:12720,10:40,1
1:663
 49739 multiletter control sequences out of 65536+600000
 44 fonts using 2812815 bytes
 88i,13n,87p,726b,1850s stack positions out of 10000i,1000n,20000p,200000b,200000s
{c:/texlive/2025/texmf-dist/fonts/enc/dvips/lm/lm-ts1.enc}{c:/texlive/2025/texmf
-dist/fonts/enc/dvips/lm/lm-ec.enc}<c:/texlive/2025/texmf-dist/fonts/type1/publi
c/amsfonts/cm/cmex10.pfb><c:/texlive/2025/texmf-dist/fonts/type1/public/amsfonts
/cm/cmmi12.pfb><c:/texlive/2025/texmf-dist/fonts/type1/public/amsfonts/cm/cmmi6.
pfb><c:/texlive/2025/texmf-dist/fonts/type1/public/amsfonts/cm/cmmi8.pfb><c:/tex
live/2025/texmf-dist/fonts/type1/public/amsfonts/cm/cmr12.pfb><c:/texlive/2025/t
exmf-dist/fonts/type1/public/amsfonts/cm/cmr8.pfb><c:/texlive/2025/texmf-dist/fo
nts/type1/public/amsfonts/cm/cmsy10.pfb><c:/texlive/2025/texmf-dist/fonts/type1/
public/amsfonts/cm/cmsy6.pfb><c:/texlive/2025/texmf-dist/fonts/type1/public/amsf
onts/cm/cmsy8.pfb><c:/texlive/2025/texmf-dist/fonts/type1/public/amsfonts/cm/cmt
t12.pfb><c:/texlive/2025/texmf-dist/fonts/type1/public/lm/lmbx12.pfb><c:/texlive
/2025/texmf-dist/fonts/type1/public/lm/lmr10.pfb><c:/texlive/2025/texmf-dist/fon
ts/type1/public/lm/lmr12.pfb><c:/texlive/2025/texmf-dist/fonts/type1/public/lm/l
mr17.pfb><c:/texlive/2025/texmf-dist/fonts/type1/public/lm/lmri12.pfb><c:/texliv
e/2025/texmf-dist/fonts/type1/public/lm/lmtt12.pfb>
Output written on main.pdf (79 pages, 1396038 bytes).

PDF statistics: 1750 PDF objects out of 2073 (max. 8388607)
 1608 compressed objects within 17 object streams
 1165 named destinations out of 1200 (max. 131072)
 329 words of extra memory for PDF output out of 10000 (max. 100000000)

