\BOOKMARK [1][-]{section.1}{\376\377\000I\000n\000t\000r\000o\000d\000u\000c\000t\000i\000o\000n}{}% 1
\BOOKMARK [1][-]{section.2}{\376\377\000Q\000u\000a\000s\000i\000-\000N\000e\000w\000t\000o\000n\000\040\000B\000F\000G\000S}{}% 2
\BOOKMARK [2][-]{subsection.2.1}{\376\377\000G\000e\000n\000e\000r\000a\000l\000\040\000e\000x\000p\000l\000a\000n\000a\000t\000i\000o\000n}{section.2}% 3
\BOOKMARK [2][-]{subsection.2.2}{\376\377\000M\000a\000t\000h\000e\000m\000a\000t\000i\000c\000a\000l\000\040\000a\000p\000p\000r\000o\000a\000c\000h}{section.2}% 4
\BOOKMARK [1][-]{section.3}{\376\377\000G\000e\000a\000r\000\040\000T\000r\000a\000i\000n\000\040\000D\000e\000s\000i\000g\000n\000\040\000p\000r\000o\000b\000l\000e\000m}{}% 5
\BOOKMARK [2][-]{subsection.3.1}{\376\377\000M\000e\000t\000h\000o\000d}{section.3}% 6
\BOOKMARK [3][-]{subsubsection.3.1.1}{\376\377\000C\000o\000n\000t\000i\000n\000u\000o\000u\000s\000\040\000f\000o\000r\000m\000u\000l\000a\000t\000i\000o\000n\000\040\000o\000f\000\040\000t\000h\000e\000\040\000g\000e\000a\000r\000\040\000t\000r\000a\000i\000n\000\040\000d\000e\000s\000i\000g\000n}{subsection.3.1}% 7
\BOOKMARK [3][-]{subsubsection.3.1.2}{\376\377\000D\000e\000t\000e\000r\000m\000i\000n\000i\000s\000t\000i\000c\000\040\000o\000p\000t\000i\000m\000i\000s\000a\000t\000i\000o\000n\000\040\000w\000i\000t\000h\000\040\000B\000F\000G\000S}{subsection.3.1}% 8
\BOOKMARK [3][-]{subsubsection.3.1.3}{\376\377\000N\000o\000i\000s\000e\000\040\000r\000o\000b\000u\000s\000t\000n\000e\000s\000s\000\040\000p\000r\000o\000t\000o\000c\000o\000l}{subsection.3.1}% 9
\BOOKMARK [2][-]{subsection.3.2}{\376\377\000R\000e\000s\000u\000l\000t\000s}{section.3}% 10
\BOOKMARK [3][-]{subsubsection.3.2.1}{\376\377\000C\000o\000n\000v\000e\000r\000g\000e\000n\000c\000e\000\040\000o\000f\000\040\000t\000h\000e\000\040\000n\000o\000i\000s\000e\000-\000f\000r\000e\000e\000\040\000c\000o\000n\000t\000i\000n\000u\000o\000u\000s\000\040\000p\000r\000o\000b\000l\000e\000m}{subsection.3.2}% 11
\BOOKMARK [3][-]{subsubsection.3.2.2}{\376\377\000E\000f\000f\000e\000c\000t\000\040\000o\000f\000\040\000n\000o\000i\000s\000e\000\040\000o\000n\000\040\000c\000o\000n\000v\000e\000r\000g\000e\000n\000c\000e\000\040\000r\000e\000l\000i\000a\000b\000i\000l\000i\000t\000y}{subsection.3.2}% 12
\BOOKMARK [3][-]{subsubsection.3.2.3}{\376\377\000D\000e\000g\000r\000a\000d\000a\000t\000i\000o\000n\000\040\000o\000f\000\040\000c\000o\000n\000t\000i\000n\000u\000o\000u\000s\000\040\000s\000o\000l\000u\000t\000i\000o\000n\000\040\000q\000u\000a\000l\000i\000t\000y}{subsection.3.2}% 13
\BOOKMARK [3][-]{subsubsection.3.2.4}{\376\377\000D\000i\000s\000c\000r\000e\000t\000e\000\040\000s\000o\000l\000u\000t\000i\000o\000n\000\040\000a\000n\000d\000\040\000c\000o\000m\000p\000u\000t\000a\000t\000i\000o\000n\000a\000l\000\040\000e\000f\000f\000o\000r\000t}{subsection.3.2}% 14
\BOOKMARK [3][-]{subsubsection.3.2.5}{\376\377\000S\000u\000p\000p\000l\000e\000m\000e\000n\000t\000a\000r\000y\000\040\000a\000n\000a\000l\000y\000s\000i\000s\000\040\000o\000f\000\040\000n\000o\000i\000s\000e\000\040\000e\000f\000f\000e\000c\000t}{subsection.3.2}% 15
\BOOKMARK [2][-]{subsection.3.3}{\376\377\000D\000i\000s\000c\000u\000s\000s\000i\000o\000n}{section.3}% 16
\BOOKMARK [1][-]{section.4}{\376\377\000S\000e\000n\000s\000o\000r\000\040\000C\000a\000l\000i\000b\000r\000a\000t\000i\000o\000n\000\040\000p\000r\000o\000b\000l\000e\000m}{}% 17
\BOOKMARK [2][-]{subsection.4.1}{\376\377\000P\000r\000o\000b\000l\000e\000m\000\040\000D\000e\000s\000c\000r\000i\000p\000t\000i\000o\000n}{section.4}% 18
\BOOKMARK [2][-]{subsection.4.2}{\376\377\000M\000e\000t\000h\000o\000d}{section.4}% 19
\BOOKMARK [2][-]{subsection.4.3}{\376\377\000R\000e\000s\000u\000l\000t\000s}{section.4}% 20
\BOOKMARK [3][-]{subsubsection.4.3.1}{\376\377\000E\000x\000p\000l\000o\000r\000a\000t\000i\000o\000n\000\040\000o\000f\000\040\000P\000e\000r\000f\000o\000r\000m\000a\000n\000c\000e\000\040\000\050\000P\000r\000o\000t\000o\000c\000o\000l\000\040\000A\000\040\000\046\000\040\000B\000\051}{subsection.4.3}% 21
\BOOKMARK [3][-]{subsubsection.4.3.2}{\376\377\000E\000x\000p\000l\000o\000r\000a\000t\000i\000o\000n\000\040\000o\000f\000\040\000R\000o\000b\000u\000s\000t\000n\000e\000s\000s\000\040\000\050\000P\000r\000o\000t\000o\000c\000o\000l\000\040\000C\000\051}{subsection.4.3}% 22
\BOOKMARK [3][-]{subsubsection.4.3.3}{\376\377\000T\000h\000e\000\040\000P\000e\000r\000f\000o\000r\000m\000a\000n\000c\000e\000\040\000P\000r\000o\000f\000i\000l\000e\000\040\000\050\000D\000o\000l\000a\000n\000-\000M\000o\000r\000e\000\051}{subsection.4.3}% 23
\BOOKMARK [2][-]{subsection.4.4}{\376\377\000D\000i\000s\000c\000u\000s\000s\000i\000o\000n\000:\000\040\000A\000l\000g\000o\000r\000i\000t\000h\000m\000i\000c\000\040\000S\000e\000n\000s\000i\000t\000i\000v\000i\000t\000y\000\040\000\046\000\040\000R\000o\000b\000u\000s\000t\000n\000e\000s\000s}{section.4}% 24
\BOOKMARK [3][-]{subsubsection.4.4.1}{\376\377\000C\000o\000m\000p\000u\000t\000a\000t\000i\000o\000n\000a\000l\000\040\000E\000f\000f\000i\000c\000i\000e\000n\000c\000y\000\040\000v\000s\000.\000\040\000R\000e\000d\000u\000n\000d\000a\000n\000c\000y\000\040\000\050\000P\000r\000o\000t\000o\000c\000o\000l\000\040\000A\000\051}{subsection.4.4}% 25
\BOOKMARK [3][-]{subsubsection.4.4.2}{\376\377\000R\000o\000b\000u\000s\000t\000n\000e\000s\000s\000\040\000t\000o\000\040\000N\000o\000i\000s\000e\000\040\000T\000o\000p\000o\000l\000o\000g\000i\000e\000s}{subsection.4.4}% 26
\BOOKMARK [1][-]{section.5}{\376\377\000T\000w\000o\000\040\000B\000a\000r\000\040\000P\000l\000a\000n\000e\000\040\000T\000r\000u\000s\000s\000\040\000D\000e\000s\000i\000g\000n\000\040\000p\000r\000o\000b\000l\000e\000m}{}% 27
\BOOKMARK [2][-]{subsection.5.1}{\376\377\000P\000r\000o\000b\000l\000e\000m\000\040\000D\000e\000s\000c\000r\000i\000p\000t\000i\000o\000n}{section.5}% 28
\BOOKMARK [2][-]{subsection.5.2}{\376\377\000M\000e\000t\000h\000o\000d}{section.5}% 29
\BOOKMARK [3][-]{subsubsection.5.2.1}{\376\377\000E\000x\000p\000l\000o\000r\000a\000t\000i\000o\000n\000\040\000o\000f\000\040\000t\000h\000e\000\040\000B\000F\000G\000S\000\040\000p\000a\000r\000a\000m\000e\000t\000e\000r\000s}{subsection.5.2}% 30
\BOOKMARK [3][-]{subsubsection.5.2.2}{\376\377\000E\000x\000p\000l\000o\000r\000a\000t\000i\000o\000n\000\040\000o\000f\000\040\000n\000o\000i\000s\000e\000\040\000e\000f\000f\000e\000c\000t\000s}{subsection.5.2}% 31
\BOOKMARK [2][-]{subsection.5.3}{\376\377\000R\000e\000s\000u\000l\000t\000s}{section.5}% 32
\BOOKMARK [3][-]{subsubsection.5.3.1}{\376\377\000E\000x\000p\000l\000o\000r\000a\000t\000i\000o\000n\000\040\000o\000f\000\040\000t\000h\000e\000\040\000B\000F\000G\000S\000\040\000p\000a\000r\000a\000m\000e\000t\000e\000r\000s}{subsection.5.3}% 33
\BOOKMARK [3][-]{subsubsection.5.3.2}{\376\377\000E\000x\000p\000l\000o\000r\000a\000t\000i\000o\000n\000\040\000o\000f\000\040\000n\000o\000i\000s\000e\000\040\000e\000f\000f\000e\000c\000t\000s}{subsection.5.3}% 34
\BOOKMARK [2][-]{subsection.5.4}{\376\377\000D\000i\000s\000c\000u\000s\000s\000i\000o\000n}{section.5}% 35
\BOOKMARK [3][-]{subsubsection.5.4.1}{\376\377\000P\000a\000r\000a\000m\000e\000t\000e\000r\000\040\000e\000x\000p\000l\000o\000r\000a\000t\000i\000o\000n\000\040\000r\000e\000s\000u\000l\000t\000s\000\040\000d\000i\000s\000c\000u\000s\000s\000i\000o\000n}{subsection.5.4}% 36
\BOOKMARK [3][-]{subsubsection.5.4.2}{\376\377\000N\000o\000i\000s\000e\000\040\000e\000x\000p\000l\000o\000r\000a\000t\000i\000o\000n\000\040\000r\000e\000s\000u\000l\000t\000s\000\040\000d\000i\000s\000c\000u\000s\000s\000i\000o\000n}{subsection.5.4}% 37
\BOOKMARK [3][-]{subsubsection.5.4.3}{\376\377\000W\000o\000r\000k\000\040\000d\000i\000s\000c\000u\000s\000s\000i\000o\000n}{subsection.5.4}% 38
\BOOKMARK [2][-]{subsection.5.5}{\376\377\000C\000o\000m\000p\000a\000r\000i\000s\000o\000n\000\040\000w\000i\000t\000h\000\040\000t\000h\000e\000\040\000t\000a\000s\000k\000\040\0003}{section.5}% 39
\BOOKMARK [1][-]{section.6}{\376\377\000C\000o\000m\000p\000a\000r\000i\000s\000o\000n\000\040\000w\000i\000t\000h\000\040\000t\000h\000e\000\040\000t\000a\000s\000k\000\040\0003}{}% 40
\BOOKMARK [1][-]{section.7}{\376\377\000C\000o\000n\000c\000l\000u\000s\000i\000o\000n}{}% 41
\BOOKMARK [1][-]{section*.38}{\376\377\000R\000e\000f\000e\000r\000e\000n\000c\000e\000s}{}% 42
\BOOKMARK [1][-]{appendix.A}{\376\377\000C\000o\000d\000e\000\040\000L\000i\000s\000t\000i\000n\000g\000s}{}% 43
\BOOKMARK [2][-]{subsection.A.1}{\376\377\000S\000e\000n\000s\000o\000r\000\040\000C\000a\000l\000i\000b\000r\000a\000t\000i\000o\000n\000\040\000p\000r\000o\000b\000l\000e\000m}{appendix.A}% 44
\BOOKMARK [3][-]{subsubsection.A.1.1}{\376\377\000S\000e\000n\000s\000o\000r\000\040\000C\000a\000l\000i\000b\000r\000a\000t\000i\000o\000n\000\040\000S\000c\000r\000i\000p\000t\000\040\000\050\000r\000u\000n\000\137\000t\000a\000s\000k\0004\000.\000p\000y\000\051}{subsection.A.1}% 45
\BOOKMARK [3][-]{subsubsection.A.1.2}{\376\377\000B\000F\000G\000S\000\040\000I\000m\000p\000l\000e\000m\000e\000n\000t\000a\000t\000i\000o\000n\000\040\000\050\000s\000t\000e\000i\000n\000h\000a\000r\000t\000\137\000h\000a\000r\000t\000\137\000b\000f\000g\000s\000.\000p\000y\000\051}{subsection.A.1}% 46
\BOOKMARK [2][-]{subsection.A.2}{\376\377\000G\000e\000a\000r\000\040\000T\000r\000a\000i\000n\000\040\000p\000r\000o\000b\000l\000e\000m}{appendix.A}% 47
\BOOKMARK [3][-]{subsubsection.A.2.1}{\376\377\000G\000e\000a\000r\000\040\000T\000r\000a\000i\000n\000\040\000S\000c\000r\000i\000p\000t\000\040\000\050\000r\000u\000n\000\137\000g\000e\000a\000r\000\137\000t\000r\000a\000i\000n\000.\000p\000y\000\051}{subsection.A.2}% 48
\BOOKMARK [3][-]{subsubsection.A.2.2}{\376\377\000G\000e\000a\000r\000\040\000T\000r\000a\000i\000n\000\040\000B\000F\000G\000S\000\040\000\050\000g\000e\000a\000r\000\137\000t\000r\000a\000i\000n\000\137\000b\000f\000g\000s\000.\000p\000y\000\051}{subsection.A.2}% 49
\BOOKMARK [2][-]{subsection.A.3}{\376\377\000T\000w\000o\000\040\000B\000a\000r\000\040\000P\000l\000a\000n\000e\000\040\000T\000r\000u\000s\000s\000\040\000p\000r\000o\000b\000l\000e\000m}{appendix.A}% 50
\BOOKMARK [3][-]{subsubsection.A.3.1}{\376\377\000C\000u\000s\000t\000o\000m\000\040\000B\000F\000G\000S\000\040\000s\000c\000r\000i\000p\000t\000\040\000f\000o\000r\000\040\000T\000w\000o\000\040\000T\000r\000u\000s\000s\000\040\000p\000r\000o\000b\000l\000e\000m\000\050\000c\000u\000s\000t\000o\000m\000\137\000T\000B\000T\000\137\000B\000F\000G\000S\000.\000p\000y\000\051}{subsection.A.3}% 51
\BOOKMARK [3][-]{subsubsection.A.3.2}{\376\377\000T\000w\000o\000\040\000T\000r\000u\000s\000s\000\040\000p\000r\000o\000b\000l\000e\000m\000\040\000s\000c\000r\000i\000p\000t\000\040\000a\000d\000a\000p\000t\000e\000d\000\040\000f\000o\000r\000\040\000B\000F\000G\000S\000\040\000\050\000t\000w\000o\000\137\000b\000a\000r\000\137\000p\000l\000a\000n\000e\000\137\000t\000r\000u\000s\000s\000\137\000p\000r\000o\000b\000l\000e\000m\000.\000p\000y\000\051}{subsection.A.3}% 52
\BOOKMARK [3][-]{subsubsection.A.3.3}{\376\377\000T\000w\000o\000\040\000T\000r\000u\000s\000s\000\040\000w\000i\000t\000h\000o\000u\000t\000\040\000n\000o\000i\000s\000e\000\040\000m\000a\000i\000n\000\040\000s\000c\000r\000i\000p\000t\000\050\000m\000a\000i\000n\000\137\000T\000B\000T\000\137\000B\000F\000G\000S\000.\000p\000y\000\051}{subsection.A.3}% 53
\BOOKMARK [3][-]{subsubsection.A.3.4}{\376\377\000T\000w\000o\000\040\000T\000r\000u\000s\000s\000\040\000w\000i\000t\000h\000\040\000n\000o\000i\000s\000e\000\040\000m\000a\000i\000n\000\040\000s\000c\000r\000i\000p\000t\000\050\000m\000a\000i\000n\000\137\000T\000B\000T\000\137\000B\000F\000G\000S\000\137\000n\000o\000i\000s\000e\000.\000p\000y\000\051}{subsection.A.3}% 54
\BOOKMARK [3][-]{subsubsection.A.3.5}{\376\377\000T\000e\000s\000t\000\040\000s\000c\000r\000i\000p\000t\000\040\000f\000o\000r\000\040\000T\000w\000o\000\040\000T\000r\000u\000s\000s\000\040\000p\000r\000o\000b\000l\000e\000m\000\040\000w\000i\000t\000h\000\040\000n\000o\000i\000s\000e\000\050\000T\000e\000s\000t\000\137\000n\000o\000i\000s\000e\000.\000p\000y\000\051}{subsection.A.3}% 55
\BOOKMARK [1][-]{appendix.B}{\376\377\000D\000e\000t\000a\000i\000l\000e\000d\000\040\000R\000e\000s\000u\000l\000t\000s\000\040\000D\000a\000t\000a}{}% 56
\BOOKMARK [2][-]{subsection.B.1}{\376\377\000S\000e\000n\000s\000o\000r\000\040\000C\000a\000l\000i\000b\000r\000a\000t\000i\000o\000n\000\040\000p\000r\000o\000b\000l\000e\000m}{appendix.B}% 57
\BOOKMARK [3][-]{subsubsection.B.1.1}{\376\377\000P\000r\000o\000t\000o\000c\000o\000l\000\040\000A\000:\000\040\000M\000e\000a\000s\000u\000r\000e\000m\000e\000n\000t\000\040\000N\000o\000i\000s\000e\000\040\000S\000u\000m\000m\000a\000r\000y\000\040\000\050\000F\000i\000r\000s\000t\000\040\0002\0000\000\040\000r\000u\000n\000s\000\051}{subsection.B.1}% 58
\BOOKMARK [3][-]{subsubsection.B.1.2}{\376\377\000P\000r\000o\000t\000o\000c\000o\000l\000\040\000B\000:\000\040\000F\000u\000n\000c\000t\000i\000o\000n\000\040\000N\000o\000i\000s\000e\000\040\000S\000u\000m\000m\000a\000r\000y\000\040\000\050\000F\000i\000r\000s\000t\000\040\0002\0000\000\040\000r\000u\000n\000s\000\051}{subsection.B.1}% 59
\BOOKMARK [3][-]{subsubsection.B.1.3}{\376\377\000P\000r\000o\000t\000o\000c\000o\000l\000\040\000C\000:\000\040\000R\000o\000b\000u\000s\000t\000n\000e\000s\000s\000\040\000S\000u\000m\000m\000a\000r\000y}{subsection.B.1}% 60
\BOOKMARK [2][-]{subsection.B.2}{\376\377\000T\000w\000o\000\040\000B\000a\000r\000\040\000P\000l\000a\000n\000e\000\040\000T\000r\000u\000s\000s\000\040\000p\000r\000o\000b\000l\000e\000m}{appendix.B}% 61
\BOOKMARK [1][-]{appendix.C}{\376\377\000G\000r\000o\000u\000p\000\040\000E\000v\000a\000l\000u\000a\000t\000i\000o\000n}{}% 62
